Archive member included to satisfy reference by file (symbol)

../Middlewares/ST/ARM/DSP/Lib\libarm_cortexM4lf_math.a(arm_rfft_fast_init_f32.o)
                              ./Core/Src/main.o (arm_rfft_fast_init_f32)
../Middlewares/ST/ARM/DSP/Lib\libarm_cortexM4lf_math.a(arm_rfft_fast_f32.o)
                              ./Core/Src/main.o (arm_rfft_fast_f32)
../Middlewares/ST/ARM/DSP/Lib\libarm_cortexM4lf_math.a(arm_cfft_f32.o)
                              ../Middlewares/ST/ARM/DSP/Lib\libarm_cortexM4lf_math.a(arm_rfft_fast_f32.o) (arm_cfft_f32)
../Middlewares/ST/ARM/DSP/Lib\libarm_cortexM4lf_math.a(arm_bitreversal2.o)
                              ../Middlewares/ST/ARM/DSP/Lib\libarm_cortexM4lf_math.a(arm_cfft_f32.o) (arm_bitreversal_32)
../Middlewares/ST/ARM/DSP/Lib\libarm_cortexM4lf_math.a(arm_common_tables.o)
                              ../Middlewares/ST/ARM/DSP/Lib\libarm_cortexM4lf_math.a(arm_rfft_fast_init_f32.o) (twiddleCoef_rfft_4096)
../Middlewares/ST/ARM/DSP/Lib\libarm_cortexM4lf_math.a(arm_cfft_init_f32.o)
                              ../Middlewares/ST/ARM/DSP/Lib\libarm_cortexM4lf_math.a(arm_rfft_fast_init_f32.o) (arm_cfft_init_f32)
../Middlewares/ST/ARM/DSP/Lib\libarm_cortexM4lf_math.a(arm_cfft_radix8_f32.o)
                              ../Middlewares/ST/ARM/DSP/Lib\libarm_cortexM4lf_math.a(arm_cfft_f32.o) (arm_radix8_butterfly_f32)
../Middlewares/ST/ARM/DSP/Lib\libarm_cortexM4lf_math.a(arm_const_structs.o)
                              ../Middlewares/ST/ARM/DSP/Lib\libarm_cortexM4lf_math.a(arm_cfft_init_f32.o) (arm_cfft_sR_f32_len4096)
C:/ST/STM32CubeIDE_1.14.1/STM32CubeIDE/plugins/com.st.stm32cube.ide.mcu.externaltools.gnu-tools-for-stm32.11.3.rel1.win32_1.1.100.202309141235/tools/bin/../lib/gcc/arm-none-eabi/11.3.1/../../../../arm-none-eabi/lib/thumb/v7e-m+fp/hard\libc_nano.a(libc_a-exit.o)
                              C:/ST/STM32CubeIDE_1.14.1/STM32CubeIDE/plugins/com.st.stm32cube.ide.mcu.externaltools.gnu-tools-for-stm32.11.3.rel1.win32_1.1.100.202309141235/tools/bin/../lib/gcc/arm-none-eabi/11.3.1/../../../../arm-none-eabi/lib/thumb/v7e-m+fp/hard/crt0.o (exit)
C:/ST/STM32CubeIDE_1.14.1/STM32CubeIDE/plugins/com.st.stm32cube.ide.mcu.externaltools.gnu-tools-for-stm32.11.3.rel1.win32_1.1.100.202309141235/tools/bin/../lib/gcc/arm-none-eabi/11.3.1/../../../../arm-none-eabi/lib/thumb/v7e-m+fp/hard\libc_nano.a(libc_a-findfp.o)
                              ./Middlewares/Third_Party/FreeRTOS/Source/tasks.o (__sf)
C:/ST/STM32CubeIDE_1.14.1/STM32CubeIDE/plugins/com.st.stm32cube.ide.mcu.externaltools.gnu-tools-for-stm32.11.3.rel1.win32_1.1.100.202309141235/tools/bin/../lib/gcc/arm-none-eabi/11.3.1/../../../../arm-none-eabi/lib/thumb/v7e-m+fp/hard\libc_nano.a(libc_a-fwalk.o)
                              C:/ST/STM32CubeIDE_1.14.1/STM32CubeIDE/plugins/com.st.stm32cube.ide.mcu.externaltools.gnu-tools-for-stm32.11.3.rel1.win32_1.1.100.202309141235/tools/bin/../lib/gcc/arm-none-eabi/11.3.1/../../../../arm-none-eabi/lib/thumb/v7e-m+fp/hard\libc_nano.a(libc_a-findfp.o) (_fwalk_sglue)
C:/ST/STM32CubeIDE_1.14.1/STM32CubeIDE/plugins/com.st.stm32cube.ide.mcu.externaltools.gnu-tools-for-stm32.11.3.rel1.win32_1.1.100.202309141235/tools/bin/../lib/gcc/arm-none-eabi/11.3.1/../../../../arm-none-eabi/lib/thumb/v7e-m+fp/hard\libc_nano.a(libc_a-stdio.o)
                              C:/ST/STM32CubeIDE_1.14.1/STM32CubeIDE/plugins/com.st.stm32cube.ide.mcu.externaltools.gnu-tools-for-stm32.11.3.rel1.win32_1.1.100.202309141235/tools/bin/../lib/gcc/arm-none-eabi/11.3.1/../../../../arm-none-eabi/lib/thumb/v7e-m+fp/hard\libc_nano.a(libc_a-findfp.o) (__sread)
C:/ST/STM32CubeIDE_1.14.1/STM32CubeIDE/plugins/com.st.stm32cube.ide.mcu.externaltools.gnu-tools-for-stm32.11.3.rel1.win32_1.1.100.202309141235/tools/bin/../lib/gcc/arm-none-eabi/11.3.1/../../../../arm-none-eabi/lib/thumb/v7e-m+fp/hard\libc_nano.a(libc_a-memset.o)
                              C:/ST/STM32CubeIDE_1.14.1/STM32CubeIDE/plugins/com.st.stm32cube.ide.mcu.externaltools.gnu-tools-for-stm32.11.3.rel1.win32_1.1.100.202309141235/tools/bin/../lib/gcc/arm-none-eabi/11.3.1/../../../../arm-none-eabi/lib/thumb/v7e-m+fp/hard/crt0.o (memset)
C:/ST/STM32CubeIDE_1.14.1/STM32CubeIDE/plugins/com.st.stm32cube.ide.mcu.externaltools.gnu-tools-for-stm32.11.3.rel1.win32_1.1.100.202309141235/tools/bin/../lib/gcc/arm-none-eabi/11.3.1/../../../../arm-none-eabi/lib/thumb/v7e-m+fp/hard\libc_nano.a(libc_a-closer.o)
                              C:/ST/STM32CubeIDE_1.14.1/STM32CubeIDE/plugins/com.st.stm32cube.ide.mcu.externaltools.gnu-tools-for-stm32.11.3.rel1.win32_1.1.100.202309141235/tools/bin/../lib/gcc/arm-none-eabi/11.3.1/../../../../arm-none-eabi/lib/thumb/v7e-m+fp/hard\libc_nano.a(libc_a-stdio.o) (_close_r)
C:/ST/STM32CubeIDE_1.14.1/STM32CubeIDE/plugins/com.st.stm32cube.ide.mcu.externaltools.gnu-tools-for-stm32.11.3.rel1.win32_1.1.100.202309141235/tools/bin/../lib/gcc/arm-none-eabi/11.3.1/../../../../arm-none-eabi/lib/thumb/v7e-m+fp/hard\libc_nano.a(libc_a-reent.o)
[...]
Memory Configuration

Name             Origin             Length             Attributes
RAM              0x0000000020000000 0x0000000000020000 xrw
FLASH            0x0000000008000000 0x0000000000080000 xr
*default*        0x0000000000000000 0xffffffffffffffff

Linker script and memory map

LOAD C:/ST/STM32CubeIDE_1.14.1/STM32CubeIDE/plugins/com.st.stm32cube.ide.mcu.externaltools.gnu-tools-for-stm32.11.3.rel1.win32_1.1.100.202309141235/tools/bin/../lib/gcc/arm-none-eabi/11.3.1/thumb/v7e-m+fp/hard/crti.o
LOAD C:/ST/STM32CubeIDE_1.14.1/STM32CubeIDE/plugins/com.st.stm32cube.ide.mcu.externaltools.gnu-tools-for-stm32.11.3.rel1.win32_1.1.100.202309141235/tools/bin/../lib/gcc/arm-none-eabi/11.3.1/thumb/v7e-m+fp/hard/crtbegin.o
LOAD C:/ST/STM32CubeIDE_1.14.1/STM32CubeIDE/plugins/com.st.stm32cube.ide.mcu.externaltools.gnu-tools-for-stm32.11.3.rel1.win32_1.1.100.202309141235/tools/bin/../lib/gcc/arm-none-eabi/11.3.1/../../../../arm-none-eabi/lib/thumb/v7e-m+fp/hard/crt0.o
LOAD ./Core/Src/freertos.o
LOAD ./Core/Src/main.o
LOAD ./Core/Src/stm32f4xx_hal_msp.o
LOAD ./Core/Src/stm32f4xx_hal_timebase_tim.o
LOAD ./Core/Src/stm32f4xx_it.o
LOAD ./Core/Src/syscalls.o
LOAD ./Core/Src/sysmem.o
LOAD ./Core/Src/system_stm32f4xx.o
LOAD ./Core/Startup/startup_stm32f446retx.o
LOAD ./Drivers/STM32F4xx_HAL_Driver/Src/stm32f4xx_hal.o
LOAD ./Drivers/STM32F4xx_HAL_Driver/Src/stm32f4xx_hal_cortex.o
LOAD ./Drivers/STM32F4xx_HAL_Driver/Src/stm32f4xx_hal_dma.o
LOAD ./Drivers/STM32F4xx_HAL_Driver/Src/stm32f4xx_hal_dma_ex.o
LOAD ./Drivers/STM32F4xx_HAL_Driver/Src/stm32f4xx_hal_exti.o
LOAD ./Drivers/STM32F4xx_HAL_Driver/Src/stm32f4xx_hal_flash.o
LOAD ./Drivers/STM32F4xx_HAL_Driver/Src/stm32f4xx_hal_flash_ex.o
LOAD ./Drivers/STM32F4xx_HAL_Driver/Src/stm32f4xx_hal_flash_ramfunc.o
LOAD ./Drivers/STM32F4xx_HAL_Driver/Src/stm32f4xx_hal_gpio.o
LOAD ./Drivers/STM32F4xx_HAL_Driver/Src/stm32f4xx_hal_i2s.o
LOAD ./Drivers/STM32F4xx_HAL_Driver/Src/stm32f4xx_hal_i2s_ex.o
LOAD ./Drivers/STM32F4xx_HAL_Driver/Src/stm32f4xx_hal_pwr.o
LOAD ./Drivers/STM32F4xx_HAL_Driver/Src/stm32f4xx_hal_pwr_ex.o
LOAD ./Drivers/STM32F4xx_HAL_Driver/Src/stm32f4xx_hal_rcc.o
LOAD ./Drivers/STM32F4xx_HAL_Driver/Src/stm32f4xx_hal_rcc_ex.o
LOAD ./Drivers/STM32F4xx_HAL_Driver/Src/stm32f4xx_hal_tim.o
LOAD ./Drivers/STM32F4xx_HAL_Driver/Src/stm32f4xx_hal_tim_ex.o
LOAD ./Drivers/STM32F4xx_HAL_Driver/Src/stm32f4xx_hal_uart.o
LOAD ./Middlewares/Third_Party/FreeRTOS/Source/CMSIS_RTOS/cmsis_os.o
LOAD ./Middlewares/Third_Party/FreeRTOS/Source/croutine.o
LOAD ./Middlewares/Third_Party/FreeRTOS/Source/event_groups.o
LOAD ./Middlewares/Third_Party/FreeRTOS/Source/list.o
LOAD ./Middlewares/Third_Party/FreeRTOS/Source/queue.o
LOAD ./Middlewares/Third_Party/FreeRTOS/Source/stream_buffer.o
LOAD ./Middlewares/Third_Party/FreeRTOS/Source/tasks.o
LOAD ./Middlewares/Third_Party/FreeRTOS/Source/timers.o
LOAD ./Middlewares/Third_Party/FreeRTOS/Source/portable/GCC/ARM_CM4F/port.o
LOAD ./Middlewares/Third_Party/FreeRTOS/Source/portable/MemMang/heap_4.o
LOAD ../Middlewares/ST/ARM/DSP/Lib\libarm_cortexM4lf_math.a
START GROUP
LOAD C:/ST/STM32CubeIDE_1.14.1/STM32CubeIDE/plugins/com.st.stm32cube.ide.mcu.externaltools.gnu-tools-for-stm32.11.3.rel1.win32_1.1.100.202309141235/tools/bin/../lib/gcc/arm-none-eabi/11.3.1/../../../../arm-none-eabi/lib/thumb/v7e-m+fp/hard\libc_nano.a
LOAD C:/ST/STM32CubeIDE_1.14.1/STM32CubeIDE/plugins/com.st.stm32cube.ide.mcu.externaltools.gnu-tools-for-stm32.11.3.rel1.win32_1.1.100.202309141235/tools/bin/../lib/gcc/arm-none-eabi/11.3.1/../../../../arm-none-eabi/lib/thumb/v7e-m+fp/hard\libm.a
END GROUP
START GROUP
LOAD C:/ST/STM32CubeIDE_1.14.1/STM32CubeIDE/plugins/com.st.stm32cube.ide.mcu.externaltools.gnu-tools-for-stm32.11.3.rel1.win32_1.1.100.202309141235/tools/bin/../lib/gcc/arm-none-eabi/11.3.1/thumb/v7e-m+fp/hard\libgcc.a
LOAD C:/ST/STM32CubeIDE_1.14.1/STM32CubeIDE/plugins/com.st.stm32cube.ide.mcu.externaltools.gnu-tools-for-stm32.11.3.rel1.win32_1.1.100.202309141235/tools/bin/../lib/gcc/arm-none-eabi/11.3.1/../../../../arm-none-eabi/lib/thumb/v7e-m+fp/hard\libc_nano.a
END GROUP
START GROUP
LOAD C:/ST/STM32CubeIDE_1.14.1/STM32CubeIDE/plugins/com.st.stm32cube.ide.mcu.externaltools.gnu-tools-for-stm32.11.3.rel1.win32_1.1.100.202309141235/tools/bin/../lib/gcc/arm-none-eabi/11.3.1/thumb/v7e-m+fp/hard\libgcc.a
LOAD C:/ST/STM32CubeIDE_1.14.1/STM32CubeIDE/plugins/com.st.stm32cube.ide.mcu.externaltools.gnu-tools-for-stm32.11.3.rel1.win32_1.1.100.202309141235/tools/bin/../lib/gcc/arm-none-eabi/11.3.1/../../../../arm-none-eabi/lib/thumb/v7e-m+fp/hard\libc_nano.a
LOAD C:/ST/STM32CubeIDE_1.14.1/STM32CubeIDE/plugins/com.st.stm32cube.ide.mcu.externaltools.gnu-tools-for-stm32.11.3.rel1.win32_1.1.100.202309141235/tools/bin/../lib/gcc/arm-none-eabi/11.3.1/../../../../arm-none-eabi/lib/thumb/v7e-m+fp/hard\libnosys.a
END GROUP
START GROUP
LOAD C:/ST/STM32CubeIDE_1.14.1/STM32CubeIDE/plugins/com.st.stm32cube.ide.mcu.externaltools.gnu-tools-for-stm32.11.3.rel1.win32_1.1.100.202309141235/tools/bin/../lib/gcc/arm-none-eabi/11.3.1/thumb/v7e-m+fp/hard\libgcc.a
LOAD C:/ST/STM32CubeIDE_1.14.1/STM32CubeIDE/plugins/com.st.stm32cube.ide.mcu.externaltools.gnu-tools-for-stm32.11.3.rel1.win32_1.1.100.202309141235/tools/bin/../lib/gcc/arm-none-eabi/11.3.1/../../../../arm-none-eabi/lib/thumb/v7e-m+fp/hard\libc_nano.a
LOAD C:/ST/STM32CubeIDE_1.14.1/STM32CubeIDE/plugins/com.st.stm32cube.ide.mcu.externaltools.gnu-tools-for-stm32.11.3.rel1.win32_1.1.100.202309141235/tools/bin/../lib/gcc/arm-none-eabi/11.3.1/../../../../arm-none-eabi/lib/thumb/v7e-m+fp/hard\libnosys.a
END GROUP
LOAD C:/ST/STM32CubeIDE_1.14.1/STM32CubeIDE/plugins/com.st.stm32cube.ide.mcu.externaltools.gnu-tools-for-stm32.11.3.rel1.win32_1.1.100.202309141235/tools/bin/../lib/gcc/arm-none-eabi/11.3.1/thumb/v7e-m+fp/hard/crtend.o
LOAD C:/ST/STM32CubeIDE_1.14.1/STM32CubeIDE/plugins/com.st.stm32cube.ide.mcu.externaltools.gnu-tools-for-stm32.11.3.rel1.win32_1.1.100.202309141235/tools/bin/../lib/gcc/arm-none-eabi/11.3.1/thumb/v7e-m+fp/hard/crtn.o
                0x0000000020020000                _estack = (ORIGIN (RAM) + LENGTH (RAM))
                0x0000000000000200                _Min_Heap_Size = 0x200
                0x0000000000000400                _Min_Stack_Size = 0x400

.isr_vector     0x0000000008000000      0x1c4
                0x0000000008000000                . = ALIGN (0x4)
 *(.isr_vector)
 .isr_vector    0x0000000008000000      0x1c4 ./Core/Startup/startup_stm32f446retx.o
                0x0000000008000000                g_pfnVectors
                0x00000000080001c4                . = ALIGN (0x4)

.text           0x00000000080001d0     0x7ad0
                0x00000000080001d0                . = ALIGN (0x4)
 *(.text)
 .text          0x00000000080001d0       0x40 C:/ST/STM32CubeIDE_1.14.1/STM32CubeIDE/plugins/com.st.stm32cube.ide.mcu.externaltools.gnu-tools-for-stm32.11.3.rel1.win32_1.1.100.202309141235/tools/bin/../lib/gcc/arm-none-eabi/11.3.1/thumb/v7e-m+fp/hard/crtbegin.o
 .text          0x0000000008000210       0x30 C:/ST/STM32CubeIDE_1.14.1/STM32CubeIDE/plugins/com.st.stm32cube.ide.mcu.externaltools.gnu-tools-for-stm32.11.3.rel1.win32_1.1.100.202309141235/tools/bin/../lib/gcc/arm-none-eabi/11.3.1/thumb/v7e-m+fp/hard\libgcc.a(_aeabi_uldivmod.o)
                0x0000000008000210                __aeabi_uldivmod
 .text          0x0000000008000240      0x2c8 C:/ST/STM32CubeIDE_1.14.1/STM32CubeIDE/plugins/com.st.stm32cube.ide.mcu.externaltools.gnu-tools-for-stm32.11.3.rel1.win32_1.1.100.202309141235/tools/bin/../lib/gcc/arm-none-eabi/11.3.1/thumb/v7e-m+fp/hard\libgcc.a(_udivmoddi4.o)
                0x0000000008000240                __udivmoddi4
 .text          0x0000000008000508        0x4 C:/ST/STM32CubeIDE_1.14.1/STM32CubeIDE/plugins/com.st.stm32cube.ide.mcu.externaltools.gnu-tools-for-stm32.11.3.rel1.win32_1.1.100.202309141235/tools/bin/../lib/gcc/arm-none-eabi/11.3.1/thumb/v7e-m+fp/hard\libgcc.a(_dvmd_tls.o)
                0x0000000008000508                __aeabi_idiv0
                0x0000000008000508                __aeabi_ldiv0
 *(.text*)
 .text.vApplicationGetIdleTaskMemory
                0x000000000800050c       0x34 ./Core/Src/freertos.o
                0x000000000800050c                vApplicationGetIdleTaskMemory
 .text.main     0x0000000008000540      0x114 ./Core/Src/main.o
                0x0000000008000540                main
 .text.SystemClock_Config
                0x0000000008000654       0xdc ./Core/Src/main.o
                0x0000000008000654                SystemClock_Config
 .text.MX_I2S3_Init
                0x0000000008000730       0x5c ./Core/Src/main.o
 .text.MX_USART2_UART_Init
                0x000000000800078c       0x54 ./Core/Src/main.o
 .text.MX_USART3_UART_Init
                0x00000000080007e0       0x54 ./Core/Src/main.o
 .text.MX_DMA_Init
                0x0000000008000834       0x40 ./Core/Src/main.o
 .text.MX_GPIO_Init
                0x0000000008000874       0xbc ./Core/Src/main.o
 .text.HAL_I2S_RxCpltCallback
                0x0000000008000930       0x44 ./Core/Src/main.o
                0x0000000008000930                HAL_I2S_RxCpltCallback
 .text.StartInputTask
                0x0000000008000974       0x6c ./Core/Src/main.o
                0x0000000008000974                StartInputTask
 .text.StartProcessingTask
                0x00000000080009e0      0x1b0 ./Core/Src/main.o
                0x00000000080009e0                StartProcessingTask
 .text.StartTransmissionTask
                0x0000000008000b90       0x70 ./Core/Src/main.o
                0x0000000008000b90                StartTransmissionTask
 .text.StartLedTask
                0x0000000008000c00       0x20 ./Core/Src/main.o
                0x0000000008000c00                StartLedTask
 .text.HAL_TIM_PeriodElapsedCallback
                0x0000000008000c20       0x24 ./Core/Src/main.o
                0x0000000008000c20                HAL_TIM_PeriodElapsedCallback
 .text.Error_Handler
                0x0000000008000c44        0xa ./Core/Src/main.o
                0x0000000008000c44                Error_Handler
 *fill*         0x0000000008000c4e        0x2 
 .text.HAL_MspInit
                0x0000000008000c50       0x58 ./Core/Src/stm32f4xx_hal_msp.o
                0x0000000008000c50                HAL_MspInit
 .text.HAL_I2S_MspInit
                0x0000000008000ca8      0x1a8 ./Core/Src/stm32f4xx_hal_msp.o
                0x0000000008000ca8                HAL_I2S_MspInit
 .text.HAL_UART_MspInit
                0x0000000008000e50      0x13c ./Core/Src/stm32f4xx_hal_msp.o
                0x0000000008000e50                HAL_UART_MspInit
 .text.HAL_InitTick
                0x0000000008000f8c       0xe8 ./Core/Src/stm32f4xx_hal_timebase_tim.o
                0x0000000008000f8c                HAL_InitTick
 .text.NMI_Handler
                0x0000000008001074        0x6 ./Core/Src/stm32f4xx_it.o
                0x0000000008001074                NMI_Handler
 .text.HardFault_Handler
                0x000000000800107a        0x6 ./Core/Src/stm32f4xx_it.o
                0x000000000800107a                HardFault_Handler
 .text.MemManage_Handler
                0x0000000008001080        0x6 ./Core/Src/stm32f4xx_it.o
                0x0000000008001080                MemManage_Handler
 .text.BusFault_Handler
                0x0000000008001086        0x6 ./Core/Src/stm32f4xx_it.o
                0x0000000008001086                BusFault_Handler
 .text.UsageFault_Handler
                0x000000000800108c        0x6 ./Core/Src/stm32f4xx_it.o
                0x000000000800108c                UsageFault_Handler
 .text.DebugMon_Handler
                0x0000000008001092        0xe ./Core/Src/stm32f4xx_it.o
                0x0000000008001092                DebugMon_Handler
 .text.DMA1_Stream0_IRQHandler
                0x00000000080010a0       0x14 ./Core/Src/stm32f4xx_it.o
                0x00000000080010a0                DMA1_Stream0_IRQHandler
 .text.TIM1_UP_TIM10_IRQHandler
                0x00000000080010b4       0x14 ./Core/Src/stm32f4xx_it.o
                0x00000000080010b4                TIM1_UP_TIM10_IRQHandler
 .text.SystemInit
                0x00000000080010c8       0x24 ./Core/Src/system_stm32f4xx.o
                0x00000000080010c8                SystemInit
 .text.Reset_Handler
                0x00000000080010ec       0x50 ./Core/Startup/startup_stm32f446retx.o
                0x00000000080010ec                Reset_Handler
 .text.Default_Handler
                0x000000000800113c        0x2 ./Core/Startup/startup_stm32f446retx.o
                0x000000000800113c                RTC_Alarm_IRQHandler
                0x000000000800113c                EXTI2_IRQHandler
                0x000000000800113c                TIM8_CC_IRQHandler
                0x000000000800113c                FMPI2C1_EV_IRQHandler
                0x000000000800113c                SPI4_IRQHandler
                0x000000000800113c                TIM1_CC_IRQHandler
                0x000000000800113c                DMA2_Stream5_IRQHandler
                0x000000000800113c                DMA1_Stream5_IRQHandler
                0x000000000800113c                PVD_IRQHandler
                0x000000000800113c                SDIO_IRQHandler
                0x000000000800113c                TAMP_STAMP_IRQHandler
                0x000000000800113c                CAN2_RX1_IRQHandler
                0x000000000800113c                EXTI3_IRQHandler
                0x000000000800113c                TIM8_TRG_COM_TIM14_IRQHandler
                0x000000000800113c                TIM8_UP_TIM13_IRQHandler
                0x000000000800113c                I2C3_ER_IRQHandler
                0x000000000800113c                EXTI0_IRQHandler
                0x000000000800113c                I2C2_EV_IRQHandler
                0x000000000800113c                DMA1_Stream2_IRQHandler
                0x000000000800113c                CAN1_RX0_IRQHandler
                0x000000000800113c                FPU_IRQHandler
                0x000000000800113c                OTG_HS_WKUP_IRQHandler
                0x000000000800113c                CAN2_SCE_IRQHandler
                0x000000000800113c                DMA2_Stream2_IRQHandler
                0x000000000800113c                SPI1_IRQHandler
                0x000000000800113c                TIM6_DAC_IRQHandler
                0x000000000800113c                TIM1_BRK_TIM9_IRQHandler
                0x000000000800113c                DCMI_IRQHandler
                0x000000000800113c                CAN2_RX0_IRQHandler
                0x000000000800113c                DMA2_Stream3_IRQHandler
                0x000000000800113c                SAI2_IRQHandler
                0x000000000800113c                USART6_IRQHandler
                0x000000000800113c                USART3_IRQHandler
                0x000000000800113c                CAN1_RX1_IRQHandler
                0x000000000800113c                UART5_IRQHandler
                0x000000000800113c                DMA2_Stream0_IRQHandler
                0x000000000800113c                TIM4_IRQHandler
                0x000000000800113c                QUADSPI_IRQHandler
                0x000000000800113c                I2C1_EV_IRQHandler
                0x000000000800113c                DMA1_Stream6_IRQHandler
                0x000000000800113c                DMA1_Stream1_IRQHandler
                0x000000000800113c                UART4_IRQHandler
                0x000000000800113c                TIM3_IRQHandler
                0x000000000800113c                RCC_IRQHandler
                0x000000000800113c                TIM8_BRK_TIM12_IRQHandler
                0x000000000800113c                Default_Handler
                0x000000000800113c                CEC_IRQHandler
                0x000000000800113c                EXTI15_10_IRQHandler
                0x000000000800113c                ADC_IRQHandler
                0x000000000800113c                DMA1_Stream7_IRQHandler
                0x000000000800113c                TIM7_IRQHandler
                0x000000000800113c                CAN2_TX_IRQHandler
                0x000000000800113c                TIM5_IRQHandler
                0x000000000800113c                DMA2_Stream7_IRQHandler
                0x000000000800113c                I2C3_EV_IRQHandler
                0x000000000800113c                EXTI9_5_IRQHandler
                0x000000000800113c                RTC_WKUP_IRQHandler
                0x000000000800113c                SPDIF_RX_IRQHandler
                0x000000000800113c                SPI2_IRQHandler
                0x000000000800113c                OTG_HS_EP1_IN_IRQHandler
                0x000000000800113c                CAN1_TX_IRQHandler
                0x000000000800113c                FMPI2C1_ER_IRQHandler
                0x000000000800113c                EXTI4_IRQHandler
                0x000000000800113c                OTG_HS_EP1_OUT_IRQHandler
                0x000000000800113c                WWDG_IRQHandler
                0x000000000800113c                TIM2_IRQHandler
                0x000000000800113c                OTG_FS_WKUP_IRQHandler
                0x000000000800113c                TIM1_TRG_COM_TIM11_IRQHandler
                0x000000000800113c                OTG_HS_IRQHandler
                0x000000000800113c                EXTI1_IRQHandler
                0x000000000800113c                USART2_IRQHandler
                0x000000000800113c                I2C2_ER_IRQHandler
                0x000000000800113c                DMA2_Stream1_IRQHandler
                0x000000000800113c                CAN1_SCE_IRQHandler
                0x000000000800113c                FLASH_IRQHandler
                0x000000000800113c                DMA2_Stream4_IRQHandler
                0x000000000800113c                USART1_IRQHandler
                0x000000000800113c                OTG_FS_IRQHandler
                0x000000000800113c                SPI3_IRQHandler
                0x000000000800113c                DMA1_Stream4_IRQHandler
                0x000000000800113c                I2C1_ER_IRQHandler
                0x000000000800113c                FMC_IRQHandler
                0x000000000800113c                DMA2_Stream6_IRQHandler
                0x000000000800113c                SAI1_IRQHandler
                0x000000000800113c                DMA1_Stream3_IRQHandler
 *fill*         0x000000000800113e        0x2 
 .text.HAL_Init
                0x0000000008001140       0x44 ./Drivers/STM32F4xx_HAL_Driver/Src/stm32f4xx_hal.o
                0x0000000008001140                HAL_Init
 .text.HAL_IncTick
                0x0000000008001184       0x28 ./Drivers/STM32F4xx_HAL_Driver/Src/stm32f4xx_hal.o
                0x0000000008001184                HAL_IncTick
 .text.HAL_GetTick
                0x00000000080011ac       0x18 ./Drivers/STM32F4xx_HAL_Driver/Src/stm32f4xx_hal.o
                0x00000000080011ac                HAL_GetTick
 .text.__NVIC_SetPriorityGrouping
                0x00000000080011c4       0x48 ./Drivers/STM32F4xx_HAL_Driver/Src/stm32f4xx_hal_cortex.o
 .text.__NVIC_GetPriorityGrouping
                0x000000000800120c       0x1c ./Drivers/STM32F4xx_HAL_Driver/Src/stm32f4xx_hal_cortex.o
 .text.__NVIC_EnableIRQ
                0x0000000008001228       0x3c ./Drivers/STM32F4xx_HAL_Driver/Src/stm32f4xx_hal_cortex.o
 .text.__NVIC_SetPriority
                0x0000000008001264       0x54 ./Drivers/STM32F4xx_HAL_Driver/Src/stm32f4xx_hal_cortex.o
 .text.NVIC_EncodePriority
                0x00000000080012b8       0x66 ./Drivers/STM32F4xx_HAL_Driver/Src/stm32f4xx_hal_cortex.o
 .text.HAL_NVIC_SetPriorityGrouping
                0x000000000800131e       0x16 ./Drivers/STM32F4xx_HAL_Driver/Src/stm32f4xx_hal_cortex.o
                0x000000000800131e                HAL_NVIC_SetPriorityGrouping
 .text.HAL_NVIC_SetPriority
                0x0000000008001334       0x38 ./Drivers/STM32F4xx_HAL_Driver/Src/stm32f4xx_hal_cortex.o
                0x0000000008001334                HAL_NVIC_SetPriority
 .text.HAL_NVIC_EnableIRQ
                0x000000000800136c       0x1c ./Drivers/STM32F4xx_HAL_Driver/Src/stm32f4xx_hal_cortex.o
                0x000000000800136c                HAL_NVIC_EnableIRQ
 .text.HAL_DMA_Init
                0x0000000008001388      0x15c ./Drivers/STM32F4xx_HAL_Driver/Src/stm32f4xx_hal_dma.o
                0x0000000008001388                HAL_DMA_Init
 .text.HAL_DMA_Start_IT
                0x00000000080014e4       0xb0 ./Drivers/STM32F4xx_HAL_Driver/Src/stm32f4xx_hal_dma.o
                0x00000000080014e4                HAL_DMA_Start_IT
 .text.HAL_DMA_IRQHandler
                0x0000000008001594      0x314 ./Drivers/STM32F4xx_HAL_Driver/Src/stm32f4xx_hal_dma.o
                0x0000000008001594                HAL_DMA_IRQHandler
 .text.DMA_SetConfig
                0x00000000080018a8       0x5c ./Drivers/STM32F4xx_HAL_Driver/Src/stm32f4xx_hal_dma.o
 .text.DMA_CalcBaseAndBitshift
                0x0000000008001904       0x6c ./Drivers/STM32F4xx_HAL_Driver/Src/stm32f4xx_hal_dma.o
 .text.DMA_CheckFifoParam
                0x0000000008001970       0xf8 ./Drivers/STM32F4xx_HAL_Driver/Src/stm32f4xx_hal_dma.o
 .text.HAL_GPIO_Init
                0x0000000008001a68      0x328 ./Drivers/STM32F4xx_HAL_Driver/Src/stm32f4xx_hal_gpio.o
                0x0000000008001a68                HAL_GPIO_Init
 .text.HAL_GPIO_WritePin
                0x0000000008001d90       0x32 ./Drivers/STM32F4xx_HAL_Driver/Src/stm32f4xx_hal_gpio.o
                0x0000000008001d90                HAL_GPIO_WritePin
 .text.HAL_GPIO_TogglePin
                0x0000000008001dc2       0x34 ./Drivers/STM32F4xx_HAL_Driver/Src/stm32f4xx_hal_gpio.o
                0x0000000008001dc2                HAL_GPIO_TogglePin
 *fill*         0x0000000008001df6        0x2 
 .text.HAL_I2S_Init
                0x0000000008001df8      0x1f0 ./Drivers/STM32F4xx_HAL_Driver/Src/stm32f4xx_hal_i2s.o
                0x0000000008001df8                HAL_I2S_Init
 .text.HAL_I2S_Receive_DMA
                0x0000000008001fe8      0x170 ./Drivers/STM32F4xx_HAL_Driver/Src/stm32f4xx_hal_i2s.o
                0x0000000008001fe8                HAL_I2S_Receive_DMA
 .text.HAL_I2S_TxCpltCallback
                0x0000000008002158       0x14 ./Drivers/STM32F4xx_HAL_Driver/Src/stm32f4xx_hal_i2s.o
                0x0000000008002158                HAL_I2S_TxCpltCallback
 .text.HAL_I2S_RxHalfCpltCallback
                0x000000000800216c       0x14 ./Drivers/STM32F4xx_HAL_Driver/Src/stm32f4xx_hal_i2s.o
                0x000000000800216c                HAL_I2S_RxHalfCpltCallback
 .text.HAL_I2S_ErrorCallback
                0x0000000008002180       0x14 ./Drivers/STM32F4xx_HAL_Driver/Src/stm32f4xx_hal_i2s.o
                0x0000000008002180                HAL_I2S_ErrorCallback
 .text.I2S_DMARxCplt
                0x0000000008002194       0x42 ./Drivers/STM32F4xx_HAL_Driver/Src/stm32f4xx_hal_i2s.o
 .text.I2S_DMARxHalfCplt
                0x00000000080021d6       0x1c ./Drivers/STM32F4xx_HAL_Driver/Src/stm32f4xx_hal_i2s.o
 .text.I2S_DMAError
                0x00000000080021f2       0x4c ./Drivers/STM32F4xx_HAL_Driver/Src/stm32f4xx_hal_i2s.o
 .text.I2S_Transmit_IT
                0x000000000800223e       0x5c ./Drivers/STM32F4xx_HAL_Driver/Src/stm32f4xx_hal_i2s.o
 .text.I2S_Receive_IT
                0x000000000800229a       0x5e ./Drivers/STM32F4xx_HAL_Driver/Src/stm32f4xx_hal_i2s.o
 .text.I2S_IRQHandler
                0x00000000080022f8      0x114 ./Drivers/STM32F4xx_HAL_Driver/Src/stm32f4xx_hal_i2s.o
 .text.HAL_RCC_ClockConfig
                0x000000000800240c      0x1cc ./Drivers/STM32F4xx_HAL_Driver/Src/stm32f4xx_hal_rcc.o
                0x000000000800240c                HAL_RCC_ClockConfig
 .text.HAL_RCC_GetHCLKFreq
                0x00000000080025d8       0x18 ./Drivers/STM32F4xx_HAL_Driver/Src/stm32f4xx_hal_rcc.o
                0x00000000080025d8                HAL_RCC_GetHCLKFreq
 .text.HAL_RCC_GetPCLK1Freq
                0x00000000080025f0       0x28 ./Drivers/STM32F4xx_HAL_Driver/Src/stm32f4xx_hal_rcc.o
                0x00000000080025f0                HAL_RCC_GetPCLK1Freq
 .text.HAL_RCC_GetPCLK2Freq
                0x0000000008002618       0x28 ./Drivers/STM32F4xx_HAL_Driver/Src/stm32f4xx_hal_rcc.o
                0x0000000008002618                HAL_RCC_GetPCLK2Freq
 .text.HAL_RCC_GetClockConfig
                0x0000000008002640       0x64 ./Drivers/STM32F4xx_HAL_Driver/Src/stm32f4xx_hal_rcc.o
                0x0000000008002640                HAL_RCC_GetClockConfig
 .text.HAL_RCCEx_PeriphCLKConfig
                0x00000000080026a4      0x654 ./Drivers/STM32F4xx_HAL_Driver/Src/stm32f4xx_hal_rcc_ex.o
                0x00000000080026a4                HAL_RCCEx_PeriphCLKConfig
 .text.HAL_RCCEx_GetPeriphCLKFreq
                0x0000000008002cf8      0x494 ./Drivers/STM32F4xx_HAL_Driver/Src/stm32f4xx_hal_rcc_ex.o
                0x0000000008002cf8                HAL_RCCEx_GetPeriphCLKFreq
 .text.HAL_RCC_GetSysClockFreq
                0x000000000800318c      0x354 ./Drivers/STM32F4xx_HAL_Driver/Src/stm32f4xx_hal_rcc_ex.o
                0x000000000800318c                HAL_RCC_GetSysClockFreq
 .text.HAL_RCC_OscConfig
                0x00000000080034e0      0x53c ./Drivers/STM32F4xx_HAL_Driver/Src/stm32f4xx_hal_rcc_ex.o
                0x00000000080034e0                HAL_RCC_OscConfig
 .text.HAL_TIM_Base_Init
                0x0000000008003a1c       0x9e ./Drivers/STM32F4xx_HAL_Driver/Src/stm32f4xx_hal_tim.o
                0x0000000008003a1c                HAL_TIM_Base_Init
 .text.HAL_TIM_Base_MspInit
                0x0000000008003aba       0x14 ./Drivers/STM32F4xx_HAL_Driver/Src/stm32f4xx_hal_tim.o
                0x0000000008003aba                HAL_TIM_Base_MspInit
 *fill*         0x0000000008003ace        0x2 
 .text.HAL_TIM_Base_Start_IT
                0x0000000008003ad0       0xe0 ./Drivers/STM32F4xx_HAL_Driver/Src/stm32f4xx_hal_tim.o
                0x0000000008003ad0                HAL_TIM_Base_Start_IT
 .text.HAL_TIM_IRQHandler
                0x0000000008003bb0      0x1e0 ./Drivers/STM32F4xx_HAL_Driver/Src/stm32f4xx_hal_tim.o
                0x0000000008003bb0                HAL_TIM_IRQHandler
 .text.HAL_TIM_OC_DelayElapsedCallback
                0x0000000008003d90       0x14 ./Drivers/STM32F4xx_HAL_Driver/Src/stm32f4xx_hal_tim.o
                0x0000000008003d90                HAL_TIM_OC_DelayElapsedCallback
 .text.HAL_TIM_IC_CaptureCallback
                0x0000000008003da4       0x14 ./Drivers/STM32F4xx_HAL_Driver/Src/stm32f4xx_hal_tim.o
                0x0000000008003da4                HAL_TIM_IC_CaptureCallback
 .text.HAL_TIM_PWM_PulseFinishedCallback
                0x0000000008003db8       0x14 ./Drivers/STM32F4xx_HAL_Driver/Src/stm32f4xx_hal_tim.o
                0x0000000008003db8                HAL_TIM_PWM_PulseFinishedCallback
 .text.HAL_TIM_TriggerCallback
                0x0000000008003dcc       0x14 ./Drivers/STM32F4xx_HAL_Driver/Src/stm32f4xx_hal_tim.o
                0x0000000008003dcc                HAL_TIM_TriggerCallback
 .text.TIM_Base_SetConfig
                0x0000000008003de0      0x158 ./Drivers/STM32F4xx_HAL_Driver/Src/stm32f4xx_hal_tim.o
                0x0000000008003de0                TIM_Base_SetConfig
 .text.HAL_TIMEx_CommutCallback
                0x0000000008003f38       0x14 ./Drivers/STM32F4xx_HAL_Driver/Src/stm32f4xx_hal_tim_ex.o
                0x0000000008003f38                HAL_TIMEx_CommutCallback
 .text.HAL_TIMEx_BreakCallback
                0x0000000008003f4c       0x14 ./Drivers/STM32F4xx_HAL_Driver/Src/stm32f4xx_hal_tim_ex.o
                0x0000000008003f4c                HAL_TIMEx_BreakCallback
 .text.HAL_UART_Init
                0x0000000008003f60       0xa0 ./Drivers/STM32F4xx_HAL_Driver/Src/stm32f4xx_hal_uart.o
                0x0000000008003f60                HAL_UART_Init
 .text.HAL_UART_Transmit
                0x0000000008004000      0x116 ./Drivers/STM32F4xx_HAL_Driver/Src/stm32f4xx_hal_uart.o
                0x0000000008004000                HAL_UART_Transmit
 .text.UART_WaitOnFlagUntilTimeout
                0x0000000008004116       0xb2 ./Drivers/STM32F4xx_HAL_Driver/Src/stm32f4xx_hal_uart.o
 .text.UART_EndRxTransfer
                0x00000000080041c8       0xc6 ./Drivers/STM32F4xx_HAL_Driver/Src/stm32f4xx_hal_uart.o
 *fill*         0x000000000800428e        0x2 
 .text.UART_SetConfig
                0x0000000008004290      0x4e8 ./Drivers/STM32F4xx_HAL_Driver/Src/stm32f4xx_hal_uart.o
 .text.makeFreeRtosPriority
                0x0000000008004778       0x30 ./Middlewares/Third_Party/FreeRTOS/Source/CMSIS_RTOS/cmsis_os.o
 .text.osKernelStart
                0x00000000080047a8        0xe ./Middlewares/Third_Party/FreeRTOS/Source/CMSIS_RTOS/cmsis_os.o
                0x00000000080047a8                osKernelStart
 .text.osThreadCreate
                0x00000000080047b6       0x98 ./Middlewares/Third_Party/FreeRTOS/Source/CMSIS_RTOS/cmsis_os.o
                0x00000000080047b6                osThreadCreate
 .text.osDelay  0x000000000800484e       0x28 ./Middlewares/Third_Party/FreeRTOS/Source/CMSIS_RTOS/cmsis_os.o
                0x000000000800484e                osDelay
 .text.vListInitialise
                0x0000000008004876       0x40 ./Middlewares/Third_Party/FreeRTOS/Source/list.o
                0x0000000008004876                vListInitialise
 .text.vListInitialiseItem
                0x00000000080048b6       0x1a ./Middlewares/Third_Party/FreeRTOS/Source/list.o
                0x00000000080048b6                vListInitialiseItem
 .text.vListInsertEnd
                0x00000000080048d0       0x48 ./Middlewares/Third_Party/FreeRTOS/Source/list.o
                0x00000000080048d0                vListInsertEnd
 .text.vListInsert
                0x0000000008004918       0x72 ./Middlewares/Third_Party/FreeRTOS/Source/list.o
                0x0000000008004918                vListInsert
 .text.uxListRemove
                0x000000000800498a       0x54 ./Middlewares/Third_Party/FreeRTOS/Source/list.o
                0x000000000800498a                uxListRemove
 *fill*         0x00000000080049de        0x2 
 .text.xQueueGenericReset
                0x00000000080049e0       0xd0 ./Middlewares/Third_Party/FreeRTOS/Source/queue.o
                0x00000000080049e0                xQueueGenericReset
 .text.xQueueGenericCreate
                0x0000000008004ab0       0x74 ./Middlewares/Third_Party/FreeRTOS/Source/queue.o
                0x0000000008004ab0                xQueueGenericCreate
 .text.prvInitialiseNewQueue
                0x0000000008004b24       0x3e ./Middlewares/Third_Party/FreeRTOS/Source/queue.o
 *fill*         0x0000000008004b62        0x2 
 .text.xQueueGenericSend
                0x0000000008004b64      0x1fc ./Middlewares/Third_Party/FreeRTOS/Source/queue.o
                0x0000000008004b64                xQueueGenericSend
 .text.xQueueReceive
                0x0000000008004d60      0x1c0 ./Middlewares/Third_Party/FreeRTOS/Source/queue.o
                0x0000000008004d60                xQueueReceive
 .text.prvCopyDataToQueue
                0x0000000008004f20       0xd4 ./Middlewares/Third_Party/FreeRTOS/Source/queue.o
 .text.prvCopyDataFromQueue
                0x0000000008004ff4       0x4c ./Middlewares/Third_Party/FreeRTOS/Source/queue.o
 .text.prvUnlockQueue
                0x0000000008005040       0xa4 ./Middlewares/Third_Party/FreeRTOS/Source/queue.o
 .text.prvIsQueueEmpty
                0x00000000080050e4       0x2c ./Middlewares/Third_Party/FreeRTOS/Source/queue.o
 .text.prvIsQueueFull
                0x0000000008005110       0x30 ./Middlewares/Third_Party/FreeRTOS/Source/queue.o
 .text.xTaskCreateStatic
                0x0000000008005140       0xba ./Middlewares/Third_Party/FreeRTOS/Source/tasks.o
                0x0000000008005140                xTaskCreateStatic
 .text.xTaskCreate
                0x00000000080051fa       0x8a ./Middlewares/Third_Party/FreeRTOS/Source/tasks.o
                0x00000000080051fa                xTaskCreate
 .text.prvInitialiseNewTask
                0x0000000008005284      0x13c ./Middlewares/Third_Party/FreeRTOS/Source/tasks.o
 .text.prvAddNewTaskToReadyList
                0x00000000080053c0       0xd4 ./Middlewares/Third_Party/FreeRTOS/Source/tasks.o
 .text.vTaskDelay
                0x0000000008005494       0x68 ./Middlewares/Third_Party/FreeRTOS/Source/tasks.o
                0x0000000008005494                vTaskDelay
 .text.vTaskStartScheduler
                0x00000000080054fc       0xd4 ./Middlewares/Third_Party/FreeRTOS/Source/tasks.o
                0x00000000080054fc                vTaskStartScheduler
 .text.vTaskSuspendAll
                0x00000000080055d0       0x1c ./Middlewares/Third_Party/FreeRTOS/Source/tasks.o
                0x00000000080055d0                vTaskSuspendAll
 .text.xTaskResumeAll
                0x00000000080055ec      0x138 ./Middlewares/Third_Party/FreeRTOS/Source/tasks.o
                0x00000000080055ec                xTaskResumeAll
 .text.xTaskIncrementTick
                0x0000000008005724      0x170 ./Middlewares/Third_Party/FreeRTOS/Source/tasks.o
                0x0000000008005724                xTaskIncrementTick
 .text.vTaskSwitchContext
                0x0000000008005894       0xc4 ./Middlewares/Third_Party/FreeRTOS/Source/tasks.o
                0x0000000008005894                vTaskSwitchContext
 .text.vTaskPlaceOnEventList
                0x0000000008005958       0x48 ./Middlewares/Third_Party/FreeRTOS/Source/tasks.o
                0x0000000008005958                vTaskPlaceOnEventList
 .text.xTaskRemoveFromEventList
                0x00000000080059a0       0xc4 ./Middlewares/Third_Party/FreeRTOS/Source/tasks.o
                0x00000000080059a0                xTaskRemoveFromEventList
 .text.vTaskInternalSetTimeOutState
                0x0000000008005a64       0x2c ./Middlewares/Third_Party/FreeRTOS/Source/tasks.o
                0x0000000008005a64                vTaskInternalSetTimeOutState
 .text.xTaskCheckForTimeOut
                0x0000000008005a90       0xc4 ./Middlewares/Third_Party/FreeRTOS/Source/tasks.o
                0x0000000008005a90                xTaskCheckForTimeOut
 .text.vTaskMissedYield
                0x0000000008005b54       0x18 ./Middlewares/Third_Party/FreeRTOS/Source/tasks.o
                0x0000000008005b54                vTaskMissedYield
 .text.prvIdleTask
                0x0000000008005b6c       0x30 ./Middlewares/Third_Party/FreeRTOS/Source/tasks.o
 .text.prvInitialiseTaskLists
                0x0000000008005b9c       0x80 ./Middlewares/Third_Party/FreeRTOS/Source/tasks.o
 .text.prvCheckTasksWaitingTermination
                0x0000000008005c1c       0x5c ./Middlewares/Third_Party/FreeRTOS/Source/tasks.o
 .text.prvDeleteTCB
                0x0000000008005c78       0x68 ./Middlewares/Third_Party/FreeRTOS/Source/tasks.o
 .text.prvResetNextTaskUnblockTime
                0x0000000008005ce0       0x40 ./Middlewares/Third_Party/FreeRTOS/Source/tasks.o
 .text.xTaskGetSchedulerState
                0x0000000008005d20       0x3c ./Middlewares/Third_Party/FreeRTOS/Source/tasks.o
                0x0000000008005d20                xTaskGetSchedulerState
 .text.xTaskPriorityDisinherit
                0x0000000008005d5c      0x10c ./Middlewares/Third_Party/FreeRTOS/Source/tasks.o
                0x0000000008005d5c                xTaskPriorityDisinherit
 .text.ulTaskNotifyTake
                0x0000000008005e68       0x98 ./Middlewares/Third_Party/FreeRTOS/Source/tasks.o
                0x0000000008005e68                ulTaskNotifyTake
 .text.vTaskNotifyGiveFromISR
                0x0000000008005f00      0x128 ./Middlewares/Third_Party/FreeRTOS/Source/tasks.o
                0x0000000008005f00                vTaskNotifyGiveFromISR
 .text.prvAddCurrentTaskToDelayedList
                0x0000000008006028       0xcc ./Middlewares/Third_Party/FreeRTOS/Source/tasks.o
 .text.pxPortInitialiseStack
                0x00000000080060f4       0x68 ./Middlewares/Third_Party/FreeRTOS/Source/portable/GCC/ARM_CM4F/port.o
                0x00000000080060f4                pxPortInitialiseStack
 .text.prvTaskExitError
                0x000000000800615c       0x58 ./Middlewares/Third_Party/FreeRTOS/Source/portable/GCC/ARM_CM4F/port.o
 *fill*         0x00000000080061b4        0xc 
 .text.SVC_Handler
                0x00000000080061c0       0x28 ./Middlewares/Third_Party/FreeRTOS/Source/portable/GCC/ARM_CM4F/port.o
                0x00000000080061c0                SVC_Handler
 .text.prvPortStartFirstTask
                0x00000000080061e8       0x28 ./Middlewares/Third_Party/FreeRTOS/Source/portable/GCC/ARM_CM4F/port.o
 .text.xPortStartScheduler
                0x0000000008006210      0x144 ./Middlewares/Third_Party/FreeRTOS/Source/portable/GCC/ARM_CM4F/port.o
                0x0000000008006210                xPortStartScheduler
 .text.vPortEnterCritical
                0x0000000008006354       0x60 ./Middlewares/Third_Party/FreeRTOS/Source/portable/GCC/ARM_CM4F/port.o
                0x0000000008006354                vPortEnterCritical
 .text.vPortExitCritical
                0x00000000080063b4       0x54 ./Middlewares/Third_Party/FreeRTOS/Source/portable/GCC/ARM_CM4F/port.o
                0x00000000080063b4                vPortExitCritical
 *fill*         0x0000000008006408        0x8 
 .text.PendSV_Handler
                0x0000000008006410       0x68 ./Middlewares/Third_Party/FreeRTOS/Source/portable/GCC/ARM_CM4F/port.o
                0x0000000008006410                PendSV_Handler
 .text.SysTick_Handler
                0x0000000008006478       0x44 ./Middlewares/Third_Party/FreeRTOS/Source/portable/GCC/ARM_CM4F/port.o
                0x0000000008006478                SysTick_Handler
 .text.vPortSetupTimerInterrupt
                0x00000000080064bc       0x48 ./Middlewares/Third_Party/FreeRTOS/Source/portable/GCC/ARM_CM4F/port.o
                0x00000000080064bc                vPortSetupTimerInterrupt
 .text.vPortEnableVFP
                0x0000000008006504       0x14 ./Middlewares/Third_Party/FreeRTOS/Source/portable/GCC/ARM_CM4F/port.o
 .text.vPortValidateInterruptPriority
                0x0000000008006518       0x80 ./Middlewares/Third_Party/FreeRTOS/Source/portable/GCC/ARM_CM4F/port.o
                0x0000000008006518                vPortValidateInterruptPriority
 .text.pvPortMalloc
                0x0000000008006598      0x198 ./Middlewares/Third_Party/FreeRTOS/Source/portable/MemMang/heap_4.o
                0x0000000008006598                pvPortMalloc
 .text.vPortFree
                0x0000000008006730       0xc4 ./Middlewares/Third_Party/FreeRTOS/Source/portable/MemMang/heap_4.o
                0x0000000008006730                vPortFree
 .text.prvHeapInit
                0x00000000080067f4       0xc4 ./Middlewares/Third_Party/FreeRTOS/Source/portable/MemMang/heap_4.o
 .text.prvInsertBlockIntoFreeList
                0x00000000080068b8       0xb4 ./Middlewares/Third_Party/FreeRTOS/Source/portable/MemMang/heap_4.o
 .text.arm_rfft_32_fast_init_f32
                0x000000000800696c       0x24 ../Middlewares/ST/ARM/DSP/Lib\libarm_cortexM4lf_math.a(arm_rfft_fast_init_f32.o)
 .text.arm_rfft_64_fast_init_f32
                0x0000000008006990       0x24 ../Middlewares/ST/ARM/DSP/Lib\libarm_cortexM4lf_math.a(arm_rfft_fast_init_f32.o)
 .text.arm_rfft_128_fast_init_f32
                0x00000000080069b4       0x24 ../Middlewares/ST/ARM/DSP/Lib\libarm_cortexM4lf_math.a(arm_rfft_fast_init_f32.o)
 .text.arm_rfft_256_fast_init_f32
                0x00000000080069d8       0x24 ../Middlewares/ST/ARM/DSP/Lib\libarm_cortexM4lf_math.a(arm_rfft_fast_init_f32.o)
 .text.arm_rfft_512_fast_init_f32
                0x00000000080069fc       0x28 ../Middlewares/ST/ARM/DSP/Lib\libarm_cortexM4lf_math.a(arm_rfft_fast_init_f32.o)
 .text.arm_rfft_1024_fast_init_f32
                0x0000000008006a24       0x28 ../Middlewares/ST/ARM/DSP/Lib\libarm_cortexM4lf_math.a(arm_rfft_fast_init_f32.o)
 .text.arm_rfft_2048_fast_init_f32
                0x0000000008006a4c       0x28 ../Middlewares/ST/ARM/DSP/Lib\libarm_cortexM4lf_math.a(arm_rfft_fast_init_f32.o)
 .text.arm_rfft_4096_fast_init_f32
                0x0000000008006a74       0x28 ../Middlewares/ST/ARM/DSP/Lib\libarm_cortexM4lf_math.a(arm_rfft_fast_init_f32.o)
 .text.arm_rfft_fast_init_f32
                0x0000000008006a9c       0x74 ../Middlewares/ST/ARM/DSP/Lib\libarm_cortexM4lf_math.a(arm_rfft_fast_init_f32.o)
                0x0000000008006a9c                arm_rfft_fast_init_f32
 .text.stage_rfft_f32
                0x0000000008006b10       0xb4 ../Middlewares/ST/ARM/DSP/Lib\libarm_cortexM4lf_math.a(arm_rfft_fast_f32.o)
                0x0000000008006b10                stage_rfft_f32
 .text.merge_rfft_f32
                0x0000000008006bc4       0xac ../Middlewares/ST/ARM/DSP/Lib\libarm_cortexM4lf_math.a(arm_rfft_fast_f32.o)
                0x0000000008006bc4                merge_rfft_f32
 .text.arm_rfft_fast_f32
                0x0000000008006c70       0x38 ../Middlewares/ST/ARM/DSP/Lib\libarm_cortexM4lf_math.a(arm_rfft_fast_f32.o)
                0x0000000008006c70                arm_rfft_fast_f32
 .text.arm_cfft_radix8by2_f32
                0x0000000008006ca8      0x1a4 ../Middlewares/ST/ARM/DSP/Lib\libarm_cortexM4lf_math.a(arm_cfft_f32.o)
                0x0000000008006ca8                arm_cfft_radix8by2_f32
 .text.arm_cfft_radix8by4_f32
                0x0000000008006e4c      0x4ac ../Middlewares/ST/ARM/DSP/Lib\libarm_cortexM4lf_math.a(arm_cfft_f32.o)
                0x0000000008006e4c                arm_cfft_radix8by4_f32
 .text.arm_cfft_f32
                0x00000000080072f8       0xf0 ../Middlewares/ST/ARM/DSP/Lib\libarm_cortexM4lf_math.a(arm_cfft_f32.o)
                0x00000000080072f8                arm_cfft_f32
 .text.arm_bitreversal_32
                0x00000000080073e8       0x40 ../Middlewares/ST/ARM/DSP/Lib\libarm_cortexM4lf_math.a(arm_bitreversal2.o)
                0x00000000080073e8                arm_bitreversal_32
 .text.arm_cfft_init_f32
                0x0000000008007428       0xa4 ../Middlewares/ST/ARM/DSP/Lib\libarm_cortexM4lf_math.a(arm_cfft_init_f32.o)
                0x0000000008007428                arm_cfft_init_f32
 .text.arm_radix8_butterfly_f32
                0x00000000080074cc      0x598 ../Middlewares/ST/ARM/DSP/Lib\libarm_cortexM4lf_math.a(arm_cfft_radix8_f32.o)
                0x00000000080074cc                arm_radix8_butterfly_f32
 .text.memset   0x0000000008007a64       0x10 C:/ST/STM32CubeIDE_1.14.1/STM32CubeIDE/plugins/com.st.stm32cube.ide.mcu.externaltools.gnu-tools-for-stm32.11.3.rel1.win32_1.1.100.202309141235/tools/bin/../lib/gcc/arm-none-eabi/11.3.1/../../../../arm-none-eabi/lib/thumb/v7e-m+fp/hard\libc_nano.a(libc_a-memset.o)
                0x0000000008007a64                memset
 .text._reclaim_reent
                0x0000000008007a74       0xac C:/ST/STM32CubeIDE_1.14.1/STM32CubeIDE/plugins/com.st.stm32cube.ide.mcu.externaltools.gnu-tools-for-stm32.11.3.rel1.win32_1.1.100.202309141235/tools/bin/../lib/gcc/arm-none-eabi/11.3.1/../../../../arm-none-eabi/lib/thumb/v7e-m+fp/hard\libc_nano.a(libc_a-reent.o)
                0x0000000008007a74                _reclaim_reent
 .text.__errno  0x0000000008007b20        0xc C:/ST/STM32CubeIDE_1.14.1/STM32CubeIDE/plugins/com.st.stm32cube.ide.mcu.externaltools.gnu-tools-for-stm32.11.3.rel1.win32_1.1.100.202309141235/tools/bin/../lib/gcc/arm-none-eabi/11.3.1/../../../../arm-none-eabi/lib/thumb/v7e-m+fp/hard\libc_nano.a(libc_a-errno.o)
                0x0000000008007b20                __errno
 .text.__libc_init_array
                0x0000000008007b2c       0x48 C:/ST/STM32CubeIDE_1.14.1/STM32CubeIDE/plugins/com.st.stm32cube.ide.mcu.externaltools.gnu-tools-for-stm32.11.3.rel1.win32_1.1.100.202309141235/tools/bin/../lib/gcc/arm-none-eabi/11.3.1/../../../../arm-none-eabi/lib/thumb/v7e-m+fp/hard\libc_nano.a(libc_a-init.o)
                0x0000000008007b2c                __libc_init_array
 .text.__retarget_lock_acquire_recursive
                0x0000000008007b74        0x2 C:/ST/STM32CubeIDE_1.14.1/STM32CubeIDE/plugins/com.st.stm32cube.ide.mcu.externaltools.gnu-tools-for-stm32.11.3.rel1.win32_1.1.100.202309141235/tools/bin/../lib/gcc/arm-none-eabi/11.3.1/../../../../arm-none-eabi/lib/thumb/v7e-m+fp/hard\libc_nano.a(libc_a-lock.o)
                0x0000000008007b74                __retarget_lock_acquire_recursive
 .text.__retarget_lock_release_recursive
                0x0000000008007b76        0x2 C:/ST/STM32CubeIDE_1.14.1/STM32CubeIDE/plugins/com.st.stm32cube.ide.mcu.externaltools.gnu-tools-for-stm32.11.3.rel1.win32_1.1.100.202309141235/tools/bin/../lib/gcc/arm-none-eabi/11.3.1/../../../../arm-none-eabi/lib/thumb/v7e-m+fp/hard\libc_nano.a(libc_a-lock.o)
                0x0000000008007b76                __retarget_lock_release_recursive
 .text.memcpy   0x0000000008007b78       0x1c C:/ST/STM32CubeIDE_1.14.1/STM32CubeIDE/plugins/com.st.stm32cube.ide.mcu.externaltools.gnu-tools-for-stm32.11.3.rel1.win32_1.1.100.202309141235/tools/bin/../lib/gcc/arm-none-eabi/11.3.1/../../../../arm-none-eabi/lib/thumb/v7e-m+fp/hard\libc_nano.a(libc_a-memcpy-stub.o)
                0x0000000008007b78                memcpy
 .text._free_r  0x0000000008007b94       0x98 C:/ST/STM32CubeIDE_1.14.1/STM32CubeIDE/plugins/com.st.stm32cube.ide.mcu.externaltools.gnu-tools-for-stm32.11.3.rel1.win32_1.1.100.202309141235/tools/bin/../lib/gcc/arm-none-eabi/11.3.1/../../../../arm-none-eabi/lib/thumb/v7e-m+fp/hard\libc_nano.a(libc_a-freer.o)
                0x0000000008007b94                _free_r
 .text.__malloc_lock
                0x0000000008007c2c        0xc C:/ST/STM32CubeIDE_1.14.1/STM32CubeIDE/plugins/com.st.stm32cube.ide.mcu.externaltools.gnu-tools-for-stm32.11.3.rel1.win32_1.1.100.202309141235/tools/bin/../lib/gcc/arm-none-eabi/11.3.1/../../../../arm-none-eabi/lib/thumb/v7e-m+fp/hard\libc_nano.a(libc_a-mlock.o)
                0x0000000008007c2c                __malloc_lock
 .text.__malloc_unlock
                0x0000000008007c38        0xc C:/ST/STM32CubeIDE_1.14.1/STM32CubeIDE/plugins/com.st.stm32cube.ide.mcu.externaltools.gnu-tools-for-stm32.11.3.rel1.win32_1.1.100.202309141235/tools/bin/../lib/gcc/arm-none-eabi/11.3.1/../../../../arm-none-eabi/lib/thumb/v7e-m+fp/hard\libc_nano.a(libc_a-mlock.o)
                0x0000000008007c38                __malloc_unlock
 .text.sqrtf    0x0000000008007c44       0x3c C:/ST/STM32CubeIDE_1.14.1/STM32CubeIDE/plugins/com.st.stm32cube.ide.mcu.externaltools.gnu-tools-for-stm32.11.3.rel1.win32_1.1.100.202309141235/tools/bin/../lib/gcc/arm-none-eabi/11.3.1/../../../../arm-none-eabi/lib/thumb/v7e-m+fp/hard\libm.a(libm_a-wf_sqrt.o)
                0x0000000008007c44                sqrtf
 .text.__ieee754_sqrtf
                0x0000000008007c80        0x6 C:/ST/STM32CubeIDE_1.14.1/STM32CubeIDE/plugins/com.st.stm32cube.ide.mcu.externaltools.gnu-tools-for-stm32.11.3.rel1.win32_1.1.100.202309141235/tools/bin/../lib/gcc/arm-none-eabi/11.3.1/../../../../arm-none-eabi/lib/thumb/v7e-m+fp/hard\libm.a(libm_a-ef_sqrt.o)
                0x0000000008007c80                __ieee754_sqrtf
 *(.glue_7)
 .glue_7        0x0000000008007c86        0x0 linker stubs
 *(.glue_7t)
 .glue_7t       0x0000000008007c86        0x0 linker stubs
 *(.eh_frame)
 *fill*         0x0000000008007c86        0x2 
 .eh_frame      0x0000000008007c88        0x0 C:/ST/STM32CubeIDE_1.14.1/STM32CubeIDE/plugins/com.st.stm32cube.ide.mcu.externaltools.gnu-tools-for-stm32.11.3.rel1.win32_1.1.100.202309141235/tools/bin/../lib/gcc/arm-none-eabi/11.3.1/thumb/v7e-m+fp/hard/crtbegin.o
 *(.init)
 .init          0x0000000008007c88        0x4 C:/ST/STM32CubeIDE_1.14.1/STM32CubeIDE/plugins/com.st.stm32cube.ide.mcu.externaltools.gnu-tools-for-stm32.11.3.rel1.win32_1.1.100.202309141235/tools/bin/../lib/gcc/arm-none-eabi/11.3.1/thumb/v7e-m+fp/hard/crti.o
                0x0000000008007c88                _init
 .init          0x0000000008007c8c        0x8 C:/ST/STM32CubeIDE_1.14.1/STM32CubeIDE/plugins/com.st.stm32cube.ide.mcu.externaltools.gnu-tools-for-stm32.11.3.rel1.win32_1.1.100.202309141235/tools/bin/../lib/gcc/arm-none-eabi/11.3.1/thumb/v7e-m+fp/hard/crtn.o
 *(.fini)
 .fini          0x0000000008007c94        0x4 C:/ST/STM32CubeIDE_1.14.1/STM32CubeIDE/plugins/com.st.stm32cube.ide.mcu.externaltools.gnu-tools-for-stm32.11.3.rel1.win32_1.1.100.202309141235/tools/bin/../lib/gcc/arm-none-eabi/11.3.1/thumb/v7e-m+fp/hard/crti.o
                0x0000000008007c94                _fini
 .fini          0x0000000008007c98        0x8 C:/ST/STM32CubeIDE_1.14.1/STM32CubeIDE/plugins/com.st.stm32cube.ide.mcu.externaltools.gnu-tools-for-stm32.11.3.rel1.win32_1.1.100.202309141235/tools/bin/../lib/gcc/arm-none-eabi/11.3.1/thumb/v7e-m+fp/hard/crtn.o
                0x0000000008007ca0                . = ALIGN (0x4)
                0x0000000008007ca0                _etext = .

.vfp11_veneer   0x0000000008007ca0        0x0
 .vfp11_veneer  0x0000000008007ca0        0x0 linker stubs

.v4_bx          0x0000000008007ca0        0x0
 .v4_bx         0x0000000008007ca0        0x0 linker stubs

.iplt           0x0000000008007ca0        0x0
 .iplt          0x0000000008007ca0        0x0 C:/ST/STM32CubeIDE_1.14.1/STM32CubeIDE/plugins/com.st.stm32cube.ide.mcu.externaltools.gnu-tools-for-stm32.11.3.rel1.win32_1.1.100.202309141235/tools/bin/../lib/gcc/arm-none-eabi/11.3.1/thumb/v7e-m+fp/hard/crtbegin.o

.rodata         0x0000000008007ca0    0x1d534
                0x0000000008007ca0                . = ALIGN (0x4)
 *(.rodata)
 .rodata        0x0000000008007ca0       0xa4 ./Core/Src/main.o
 .rodata        0x0000000008007d44        0x5 ./Middlewares/Third_Party/FreeRTOS/Source/tasks.o
 *(.rodata*)
 *fill*         0x0000000008007d49        0x3 
 .rodata.AHBPrescTable
                0x0000000008007d4c       0x10 ./Core/Src/system_stm32f4xx.o
                0x0000000008007d4c                AHBPrescTable
 .rodata.APBPrescTable
                0x0000000008007d5c        0x8 ./Core/Src/system_stm32f4xx.o
                0x0000000008007d5c                APBPrescTable
 .rodata.flagBitshiftOffset.0
                0x0000000008007d64        0x8 ./Drivers/STM32F4xx_HAL_Driver/Src/stm32f4xx_hal_dma.o
 .rodata.armBitRevIndexTable1024
                0x0000000008007d6c      0xe10 ../Middlewares/ST/ARM/DSP/Lib\libarm_cortexM4lf_math.a(arm_common_tables.o)
                0x0000000008007d6c                armBitRevIndexTable1024
 .rodata.armBitRevIndexTable128
                0x0000000008008b7c      0x1a0 ../Middlewares/ST/ARM/DSP/Lib\libarm_cortexM4lf_math.a(arm_common_tables.o)
                0x0000000008008b7c                armBitRevIndexTable128
 .rodata.armBitRevIndexTable16
                0x0000000008008d1c       0x28 ../Middlewares/ST/ARM/DSP/Lib\libarm_cortexM4lf_math.a(arm_common_tables.o)
                0x0000000008008d1c                armBitRevIndexTable16
 .rodata.armBitRevIndexTable2048
                0x0000000008008d44     0x1dc0 ../Middlewares/ST/ARM/DSP/Lib\libarm_cortexM4lf_math.a(arm_common_tables.o)
                0x0000000008008d44                armBitRevIndexTable2048
 .rodata.armBitRevIndexTable256
                0x000000000800ab04      0x370 ../Middlewares/ST/ARM/DSP/Lib\libarm_cortexM4lf_math.a(arm_common_tables.o)
                0x000000000800ab04                armBitRevIndexTable256
 .rodata.armBitRevIndexTable32
                0x000000000800ae74       0x60 ../Middlewares/ST/ARM/DSP/Lib\libarm_cortexM4lf_math.a(arm_common_tables.o)
                0x000000000800ae74                armBitRevIndexTable32
 .rodata.armBitRevIndexTable4096
                0x000000000800aed4     0x1f80 ../Middlewares/ST/ARM/DSP/Lib\libarm_cortexM4lf_math.a(arm_common_tables.o)
                0x000000000800aed4                armBitRevIndexTable4096
 .rodata.armBitRevIndexTable512
                0x000000000800ce54      0x380 ../Middlewares/ST/ARM/DSP/Lib\libarm_cortexM4lf_math.a(arm_common_tables.o)
                0x000000000800ce54                armBitRevIndexTable512
 .rodata.armBitRevIndexTable64
                0x000000000800d1d4       0x70 ../Middlewares/ST/ARM/DSP/Lib\libarm_cortexM4lf_math.a(arm_common_tables.o)
                0x000000000800d1d4                armBitRevIndexTable64
 .rodata.twiddleCoef_1024
                0x000000000800d244     0x2000 ../Middlewares/ST/ARM/DSP/Lib\libarm_cortexM4lf_math.a(arm_common_tables.o)
                0x000000000800d244                twiddleCoef_1024
 .rodata.twiddleCoef_128
                0x000000000800f244      0x400 ../Middlewares/ST/ARM/DSP/Lib\libarm_cortexM4lf_math.a(arm_common_tables.o)
                0x000000000800f244                twiddleCoef_128
 .rodata.twiddleCoef_16
                0x000000000800f644       0x80 ../Middlewares/ST/ARM/DSP/Lib\libarm_cortexM4lf_math.a(arm_common_tables.o)
                0x000000000800f644                twiddleCoef_16
 .rodata.twiddleCoef_2048
                0x000000000800f6c4     0x4000 ../Middlewares/ST/ARM/DSP/Lib\libarm_cortexM4lf_math.a(arm_common_tables.o)
                0x000000000800f6c4                twiddleCoef_2048
 .rodata.twiddleCoef_256
                0x00000000080136c4      0x800 ../Middlewares/ST/ARM/DSP/Lib\libarm_cortexM4lf_math.a(arm_common_tables.o)
                0x00000000080136c4                twiddleCoef_256
 .rodata.twiddleCoef_32
                0x0000000008013ec4      0x100 ../Middlewares/ST/ARM/DSP/Lib\libarm_cortexM4lf_math.a(arm_common_tables.o)
                0x0000000008013ec4                twiddleCoef_32
 .rodata.twiddleCoef_4096
                0x0000000008013fc4     0x8000 ../Middlewares/ST/ARM/DSP/Lib\libarm_cortexM4lf_math.a(arm_common_tables.o)
                0x0000000008013fc4                twiddleCoef_4096
 .rodata.twiddleCoef_512
                0x000000000801bfc4     0x1000 ../Middlewares/ST/ARM/DSP/Lib\libarm_cortexM4lf_math.a(arm_common_tables.o)
                0x000000000801bfc4                twiddleCoef_512
 .rodata.twiddleCoef_64
                0x000000000801cfc4      0x200 ../Middlewares/ST/ARM/DSP/Lib\libarm_cortexM4lf_math.a(arm_common_tables.o)
                0x000000000801cfc4                twiddleCoef_64
 .rodata.twiddleCoef_rfft_1024
                0x000000000801d1c4     0x1000 ../Middlewares/ST/ARM/DSP/Lib\libarm_cortexM4lf_math.a(arm_common_tables.o)
                0x000000000801d1c4                twiddleCoef_rfft_1024
 .rodata.twiddleCoef_rfft_128
                0x000000000801e1c4      0x200 ../Middlewares/ST/ARM/DSP/Lib\libarm_cortexM4lf_math.a(arm_common_tables.o)
                0x000000000801e1c4                twiddleCoef_rfft_128
 .rodata.twiddleCoef_rfft_2048
                0x000000000801e3c4     0x2000 ../Middlewares/ST/ARM/DSP/Lib\libarm_cortexM4lf_math.a(arm_common_tables.o)
                0x000000000801e3c4                twiddleCoef_rfft_2048
 .rodata.twiddleCoef_rfft_256
                0x00000000080203c4      0x400 ../Middlewares/ST/ARM/DSP/Lib\libarm_cortexM4lf_math.a(arm_common_tables.o)
                0x00000000080203c4                twiddleCoef_rfft_256
 .rodata.twiddleCoef_rfft_32
                0x00000000080207c4       0x80 ../Middlewares/ST/ARM/DSP/Lib\libarm_cortexM4lf_math.a(arm_common_tables.o)
                0x00000000080207c4                twiddleCoef_rfft_32
 .rodata.twiddleCoef_rfft_4096
                0x0000000008020844     0x4000 ../Middlewares/ST/ARM/DSP/Lib\libarm_cortexM4lf_math.a(arm_common_tables.o)
                0x0000000008020844                twiddleCoef_rfft_4096
 .rodata.twiddleCoef_rfft_512
                0x0000000008024844      0x800 ../Middlewares/ST/ARM/DSP/Lib\libarm_cortexM4lf_math.a(arm_common_tables.o)
                0x0000000008024844                twiddleCoef_rfft_512
 .rodata.twiddleCoef_rfft_64
                0x0000000008025044      0x100 ../Middlewares/ST/ARM/DSP/Lib\libarm_cortexM4lf_math.a(arm_common_tables.o)
                0x0000000008025044                twiddleCoef_rfft_64
 .rodata.arm_cfft_sR_f32_len1024
                0x0000000008025144       0x10 ../Middlewares/ST/ARM/DSP/Lib\libarm_cortexM4lf_math.a(arm_const_structs.o)
                0x0000000008025144                arm_cfft_sR_f32_len1024
 .rodata.arm_cfft_sR_f32_len128
                0x0000000008025154       0x10 ../Middlewares/ST/ARM/DSP/Lib\libarm_cortexM4lf_math.a(arm_const_structs.o)
                0x0000000008025154                arm_cfft_sR_f32_len128
 .rodata.arm_cfft_sR_f32_len16
                0x0000000008025164       0x10 ../Middlewares/ST/ARM/DSP/Lib\libarm_cortexM4lf_math.a(arm_const_structs.o)
                0x0000000008025164                arm_cfft_sR_f32_len16
 .rodata.arm_cfft_sR_f32_len2048
                0x0000000008025174       0x10 ../Middlewares/ST/ARM/DSP/Lib\libarm_cortexM4lf_math.a(arm_const_structs.o)
                0x0000000008025174                arm_cfft_sR_f32_len2048
 .rodata.arm_cfft_sR_f32_len256
                0x0000000008025184       0x10 ../Middlewares/ST/ARM/DSP/Lib\libarm_cortexM4lf_math.a(arm_const_structs.o)
                0x0000000008025184                arm_cfft_sR_f32_len256
 .rodata.arm_cfft_sR_f32_len32
                0x0000000008025194       0x10 ../Middlewares/ST/ARM/DSP/Lib\libarm_cortexM4lf_math.a(arm_const_structs.o)
                0x0000000008025194                arm_cfft_sR_f32_len32
 .rodata.arm_cfft_sR_f32_len4096
                0x00000000080251a4       0x10 ../Middlewares/ST/ARM/DSP/Lib\libarm_cortexM4lf_math.a(arm_const_structs.o)
                0x00000000080251a4                arm_cfft_sR_f32_len4096
 .rodata.arm_cfft_sR_f32_len512
                0x00000000080251b4       0x10 ../Middlewares/ST/ARM/DSP/Lib\libarm_cortexM4lf_math.a(arm_const_structs.o)
                0x00000000080251b4                arm_cfft_sR_f32_len512
 .rodata.arm_cfft_sR_f32_len64
                0x00000000080251c4       0x10 ../Middlewares/ST/ARM/DSP/Lib\libarm_cortexM4lf_math.a(arm_const_structs.o)
                0x00000000080251c4                arm_cfft_sR_f32_len64
                0x00000000080251d4                . = ALIGN (0x4)

.ARM.extab      0x00000000080251d4        0x0
                0x00000000080251d4                . = ALIGN (0x4)
 *(.ARM.extab* .gnu.linkonce.armextab.*)
                0x00000000080251d4                . = ALIGN (0x4)

.ARM            0x00000000080251d4        0x8
                0x00000000080251d4                . = ALIGN (0x4)
                0x00000000080251d4                __exidx_start = .
 *(.ARM.exidx*)
 .ARM.exidx     0x00000000080251d4        0x8 C:/ST/STM32CubeIDE_1.14.1/STM32CubeIDE/plugins/com.st.stm32cube.ide.mcu.externaltools.gnu-tools-for-stm32.11.3.rel1.win32_1.1.100.202309141235/tools/bin/../lib/gcc/arm-none-eabi/11.3.1/thumb/v7e-m+fp/hard\libgcc.a(_udivmoddi4.o)
                0x00000000080251dc                __exidx_end = .
                0x00000000080251dc                . = ALIGN (0x4)

.rel.dyn        0x00000000080251dc        0x0
 .rel.iplt      0x00000000080251dc        0x0 C:/ST/STM32CubeIDE_1.14.1/STM32CubeIDE/plugins/com.st.stm32cube.ide.mcu.externaltools.gnu-tools-for-stm32.11.3.rel1.win32_1.1.100.202309141235/tools/bin/../lib/gcc/arm-none-eabi/11.3.1/thumb/v7e-m+fp/hard/crtbegin.o

.preinit_array  0x00000000080251dc        0x0
                0x00000000080251dc                . = ALIGN (0x4)
                0x00000000080251dc                PROVIDE (__preinit_array_start = .)
 *(.preinit_array*)
                0x00000000080251dc                PROVIDE (__preinit_array_end = .)
                0x00000000080251dc                . = ALIGN (0x4)

.init_array     0x00000000080251dc        0x4
                0x00000000080251dc                . = ALIGN (0x4)
                0x00000000080251dc                PROVIDE (__init_array_start = .)
 *(SORT_BY_NAME(.init_array.*))
 *(.init_array*)
 .init_array    0x00000000080251dc        0x4 C:/ST/STM32CubeIDE_1.14.1/STM32CubeIDE/plugins/com.st.stm32cube.ide.mcu.externaltools.gnu-tools-for-stm32.11.3.rel1.win32_1.1.100.202309141235/tools/bin/../lib/gcc/arm-none-eabi/11.3.1/thumb/v7e-m+fp/hard/crtbegin.o
                0x00000000080251e0                PROVIDE (__init_array_end = .)
                0x00000000080251e0                . = ALIGN (0x4)

.fini_array     0x00000000080251e0        0x4
                0x00000000080251e0                . = ALIGN (0x4)
                [!provide]                        PROVIDE (__fini_array_start = .)
 *(SORT_BY_NAME(.fini_array.*))
 *(.fini_array*)
 .fini_array    0x00000000080251e0        0x4 C:/ST/STM32CubeIDE_1.14.1/STM32CubeIDE/plugins/com.st.stm32cube.ide.mcu.externaltools.gnu-tools-for-stm32.11.3.rel1.win32_1.1.100.202309141235/tools/bin/../lib/gcc/arm-none-eabi/11.3.1/thumb/v7e-m+fp/hard/crtbegin.o
                [!provide]                        PROVIDE (__fini_array_end = .)
                0x00000000080251e4                . = ALIGN (0x4)
                0x00000000080251e4                _sidata = LOADADDR (.data)

.data           0x0000000020000000       0x60 load address 0x00000000080251e4
                0x0000000020000000                . = ALIGN (0x4)
                0x0000000020000000                _sdata = .
 *(.data)
 *(.data*)
 .data.SystemCoreClock
                0x0000000020000000        0x4 ./Core/Src/system_stm32f4xx.o
                0x0000000020000000                SystemCoreClock
 .data.uwTickPrio
                0x0000000020000004        0x4 ./Drivers/STM32F4xx_HAL_Driver/Src/stm32f4xx_hal.o
                0x0000000020000004                uwTickPrio
 .data.uwTickFreq
                0x0000000020000008        0x1 ./Drivers/STM32F4xx_HAL_Driver/Src/stm32f4xx_hal.o
                0x0000000020000008                uwTickFreq
 *fill*         0x0000000020000009        0x3 
 .data.uxCriticalNesting
                0x000000002000000c        0x4 ./Middlewares/Third_Party/FreeRTOS/Source/portable/GCC/ARM_CM4F/port.o
 .data._impure_data
                0x0000000020000010       0x4c C:/ST/STM32CubeIDE_1.14.1/STM32CubeIDE/plugins/com.st.stm32cube.ide.mcu.externaltools.gnu-tools-for-stm32.11.3.rel1.win32_1.1.100.202309141235/tools/bin/../lib/gcc/arm-none-eabi/11.3.1/../../../../arm-none-eabi/lib/thumb/v7e-m+fp/hard\libc_nano.a(libc_a-impure.o)
                0x0000000020000010                _impure_data
 .data._impure_ptr
                0x000000002000005c        0x4 C:/ST/STM32CubeIDE_1.14.1/STM32CubeIDE/plugins/com.st.stm32cube.ide.mcu.externaltools.gnu-tools-for-stm32.11.3.rel1.win32_1.1.100.202309141235/tools/bin/../lib/gcc/arm-none-eabi/11.3.1/../../../../arm-none-eabi/lib/thumb/v7e-m+fp/hard\libc_nano.a(libc_a-impure.o)
                0x000000002000005c                _impure_ptr
 *(.RamFunc)
 *(.RamFunc*)
                0x0000000020000060                . = ALIGN (0x4)
                0x0000000020000060                _edata = .

.igot.plt       0x0000000020000060        0x0 load address 0x0000000008025244
 .igot.plt      0x0000000020000060        0x0 C:/ST/STM32CubeIDE_1.14.1/STM32CubeIDE/plugins/com.st.stm32cube.ide.mcu.externaltools.gnu-tools-for-stm32.11.3.rel1.win32_1.1.100.202309141235/tools/bin/../lib/gcc/arm-none-eabi/11.3.1/thumb/v7e-m+fp/hard/crtbegin.o
                0x0000000020000060                . = ALIGN (0x4)

.bss            0x0000000020000060     0xa508 load address 0x0000000008025244
                0x0000000020000060                _sbss = .
                0x0000000020000060                __bss_start__ = _sbss
 *(.bss)
 .bss           0x0000000020000060       0x1c C:/ST/STM32CubeIDE_1.14.1/STM32CubeIDE/plugins/com.st.stm32cube.ide.mcu.externaltools.gnu-tools-for-stm32.11.3.rel1.win32_1.1.100.202309141235/tools/bin/../lib/gcc/arm-none-eabi/11.3.1/thumb/v7e-m+fp/hard/crtbegin.o
 *(.bss*)
 .bss.xIdleTaskTCBBuffer
                0x000000002000007c       0xa0 ./Core/Src/freertos.o
 .bss.xIdleStack
                0x000000002000011c      0x200 ./Core/Src/freertos.o
 .bss.hi2s3     0x000000002000031c       0x48 ./Core/Src/main.o
                0x000000002000031c                hi2s3
 .bss.hdma_spi3_rx
                0x0000000020000364       0x60 ./Core/Src/main.o
                0x0000000020000364                hdma_spi3_rx
 .bss.huart2    0x00000000200003c4       0x48 ./Core/Src/main.o
                0x00000000200003c4                huart2
 .bss.huart3    0x000000002000040c       0x48 ./Core/Src/main.o
                0x000000002000040c                huart3
 .bss.InputTaskHandle
                0x0000000020000454        0x4 ./Core/Src/main.o
                0x0000000020000454                InputTaskHandle
 .bss.ProcessingTaskHandle
                0x0000000020000458        0x4 ./Core/Src/main.o
                0x0000000020000458                ProcessingTaskHandle
 .bss.TransmissionTasHandle
                0x000000002000045c        0x4 ./Core/Src/main.o
                0x000000002000045c                TransmissionTasHandle
 .bss.LedTaskHandle
                0x0000000020000460        0x4 ./Core/Src/main.o
                0x0000000020000460                LedTaskHandle
 .bss.audioQueue
                0x0000000020000464        0x4 ./Core/Src/main.o
                0x0000000020000464                audioQueue
 .bss.spectrumQueue
                0x0000000020000468        0x4 ./Core/Src/main.o
                0x0000000020000468                spectrumQueue
 .bss.audioBuffer
                0x000000002000046c     0x2000 ./Core/Src/main.o
                0x000000002000046c                audioBuffer
 .bss.spectrumBuffer
                0x000000002000246c      0x200 ./Core/Src/main.o
                0x000000002000246c                spectrumBuffer
 .bss.uart_tx_buffer
                0x000000002000266c        0x2 ./Core/Src/main.o
                0x000000002000266c                uart_tx_buffer
 *fill*         0x000000002000266e        0x2 
 .bss.fftInstance
                0x0000000020002670       0x18 ./Core/Src/main.o
                0x0000000020002670                fftInstance
 .bss.input.1   0x0000000020002688     0x2000 ./Core/Src/main.o
 .bss.output.0  0x0000000020004688     0x2000 ./Core/Src/main.o
 .bss.htim1     0x0000000020006688       0x48 ./Core/Src/stm32f4xx_hal_timebase_tim.o
                0x0000000020006688                htim1
 .bss.uwTick    0x00000000200066d0        0x4 ./Drivers/STM32F4xx_HAL_Driver/Src/stm32f4xx_hal.o
                0x00000000200066d0                uwTick
 .bss.pxCurrentTCB
                0x00000000200066d4        0x4 ./Middlewares/Third_Party/FreeRTOS/Source/tasks.o
                0x00000000200066d4                pxCurrentTCB
 .bss.pxReadyTasksLists
                0x00000000200066d8       0x8c ./Middlewares/Third_Party/FreeRTOS/Source/tasks.o
 .bss.xDelayedTaskList1
                0x0000000020006764       0x14 ./Middlewares/Third_Party/FreeRTOS/Source/tasks.o
 .bss.xDelayedTaskList2
                0x0000000020006778       0x14 ./Middlewares/Third_Party/FreeRTOS/Source/tasks.o
 .bss.pxDelayedTaskList
                0x000000002000678c        0x4 ./Middlewares/Third_Party/FreeRTOS/Source/tasks.o
 .bss.pxOverflowDelayedTaskList
                0x0000000020006790        0x4 ./Middlewares/Third_Party/FreeRTOS/Source/tasks.o
 .bss.xPendingReadyList
                0x0000000020006794       0x14 ./Middlewares/Third_Party/FreeRTOS/Source/tasks.o
 .bss.xTasksWaitingTermination
                0x00000000200067a8       0x14 ./Middlewares/Third_Party/FreeRTOS/Source/tasks.o
 .bss.uxDeletedTasksWaitingCleanUp
                0x00000000200067bc        0x4 ./Middlewares/Third_Party/FreeRTOS/Source/tasks.o
 .bss.xSuspendedTaskList
                0x00000000200067c0       0x14 ./Middlewares/Third_Party/FreeRTOS/Source/tasks.o
 .bss.uxCurrentNumberOfTasks
                0x00000000200067d4        0x4 ./Middlewares/Third_Party/FreeRTOS/Source/tasks.o
 .bss.xTickCount
                0x00000000200067d8        0x4 ./Middlewares/Third_Party/FreeRTOS/Source/tasks.o
 .bss.uxTopReadyPriority
                0x00000000200067dc        0x4 ./Middlewares/Third_Party/FreeRTOS/Source/tasks.o
 .bss.xSchedulerRunning
                0x00000000200067e0        0x4 ./Middlewares/Third_Party/FreeRTOS/Source/tasks.o
 .bss.xPendedTicks
                0x00000000200067e4        0x4 ./Middlewares/Third_Party/FreeRTOS/Source/tasks.o
 .bss.xYieldPending
                0x00000000200067e8        0x4 ./Middlewares/Third_Party/FreeRTOS/Source/tasks.o
 .bss.xNumOfOverflows
                0x00000000200067ec        0x4 ./Middlewares/Third_Party/FreeRTOS/Source/tasks.o
 .bss.uxTaskNumber
                0x00000000200067f0        0x4 ./Middlewares/Third_Party/FreeRTOS/Source/tasks.o
 .bss.xNextTaskUnblockTime
                0x00000000200067f4        0x4 ./Middlewares/Third_Party/FreeRTOS/Source/tasks.o
 .bss.xIdleTaskHandle
                0x00000000200067f8        0x4 ./Middlewares/Third_Party/FreeRTOS/Source/tasks.o
 .bss.uxSchedulerSuspended
                0x00000000200067fc        0x4 ./Middlewares/Third_Party/FreeRTOS/Source/tasks.o
 .bss.ucMaxSysCallPriority
                0x0000000020006800        0x1 ./Middlewares/Third_Party/FreeRTOS/Source/portable/GCC/ARM_CM4F/port.o
 *fill*         0x0000000020006801        0x3 
 .bss.ulMaxPRIGROUPValue
                0x0000000020006804        0x4 ./Middlewares/Third_Party/FreeRTOS/Source/portable/GCC/ARM_CM4F/port.o
 .bss.ucHeap    0x0000000020006808     0x3c00 ./Middlewares/Third_Party/FreeRTOS/Source/portable/MemMang/heap_4.o
 .bss.xStart    0x000000002000a408        0x8 ./Middlewares/Third_Party/FreeRTOS/Source/portable/MemMang/heap_4.o
 .bss.pxEnd     0x000000002000a410        0x4 ./Middlewares/Third_Party/FreeRTOS/Source/portable/MemMang/heap_4.o
 .bss.xFreeBytesRemaining
                0x000000002000a414        0x4 ./Middlewares/Third_Party/FreeRTOS/Source/portable/MemMang/heap_4.o
 .bss.xMinimumEverFreeBytesRemaining
                0x000000002000a418        0x4 ./Middlewares/Third_Party/FreeRTOS/Source/portable/MemMang/heap_4.o
 .bss.xNumberOfSuccessfulAllocations
                0x000000002000a41c        0x4 ./Middlewares/Third_Party/FreeRTOS/Source/portable/MemMang/heap_4.o
 .bss.xNumberOfSuccessfulFrees
                0x000000002000a420        0x4 ./Middlewares/Third_Party/FreeRTOS/Source/portable/MemMang/heap_4.o
 .bss.xBlockAllocatedBit
                0x000000002000a424        0x4 ./Middlewares/Third_Party/FreeRTOS/Source/portable/MemMang/heap_4.o
 .bss.__sf      0x000000002000a428      0x138 C:/ST/STM32CubeIDE_1.14.1/STM32CubeIDE/plugins/com.st.stm32cube.ide.mcu.externaltools.gnu-tools-for-stm32.11.3.rel1.win32_1.1.100.202309141235/tools/bin/../lib/gcc/arm-none-eabi/11.3.1/../../../../arm-none-eabi/lib/thumb/v7e-m+fp/hard\libc_nano.a(libc_a-findfp.o)
                0x000000002000a428                __sf
 .bss.__lock___malloc_recursive_mutex
                0x000000002000a560        0x1 C:/ST/STM32CubeIDE_1.14.1/STM32CubeIDE/plugins/com.st.stm32cube.ide.mcu.externaltools.gnu-tools-for-stm32.11.3.rel1.win32_1.1.100.202309141235/tools/bin/../lib/gcc/arm-none-eabi/11.3.1/../../../../arm-none-eabi/lib/thumb/v7e-m+fp/hard\libc_nano.a(libc_a-lock.o)
                0x000000002000a560                __lock___malloc_recursive_mutex
 *fill*         0x000000002000a561        0x3 
 .bss.__malloc_free_list
                0x000000002000a564        0x4 C:/ST/STM32CubeIDE_1.14.1/STM32CubeIDE/plugins/com.st.stm32cube.ide.mcu.externaltools.gnu-tools-for-stm32.11.3.rel1.win32_1.1.100.202309141235/tools/bin/../lib/gcc/arm-none-eabi/11.3.1/../../../../arm-none-eabi/lib/thumb/v7e-m+fp/hard\libc_nano.a(libc_a-mallocr.o)
                0x000000002000a564                __malloc_free_list
 *(COMMON)
                0x000000002000a568                . = ALIGN (0x4)
                0x000000002000a568                _ebss = .
                0x000000002000a568                __bss_end__ = _ebss

._user_heap_stack
                0x000000002000a568      0x600 load address 0x0000000008025244
                0x000000002000a568                . = ALIGN (0x8)
                [!provide]                        PROVIDE (end = .)
                0x000000002000a568                PROVIDE (_end = .)
                0x000000002000a768                . = (. + _Min_Heap_Size)
 *fill*         0x000000002000a568      0x200 
                0x000000002000ab68                . = (. + _Min_Stack_Size)
 *fill*         0x000000002000a768      0x400 
                0x000000002000ab68                . = ALIGN (0x8)

/DISCARD/
 libc.a(*)
 libm.a(*)
 libgcc.a(*)

.ARM.attributes
                0x0000000000000000       0x30
 *(.ARM.attributes)
 .ARM.attributes
                0x0000000000000000       0x1e C:/ST/STM32CubeIDE_1.14.1/STM32CubeIDE/plugins/com.st.stm32cube.ide.mcu.externaltools.gnu-tools-for-stm32.11.3.rel1.win32_1.1.100.202309141235/tools/bin/../lib/gcc/arm-none-eabi/11.3.1/thumb/v7e-m+fp/hard/crti.o
 .ARM.attributes
                0x000000000000001e       0x34 C:/ST/STM32CubeIDE_1.14.1/STM32CubeIDE/plugins/com.st.stm32cube.ide.mcu.externaltools.gnu-tools-for-stm32.11.3.rel1.win32_1.1.100.202309141235/tools/bin/../lib/gcc/arm-none-eabi/11.3.1/thumb/v7e-m+fp/hard/crtbegin.o
 .ARM.attributes
                0x0000000000000052       0x34 ./Core/Src/freertos.o
 .ARM.attributes
                0x0000000000000086       0x34 ./Core/Src/main.o
 .ARM.attributes
                0x00000000000000ba       0x34 ./Core/Src/stm32f4xx_hal_msp.o
 .ARM.attributes
                0x00000000000000ee       0x34 ./Core/Src/stm32f4xx_hal_timebase_tim.o
 .ARM.attributes
                0x0000000000000122       0x34 ./Core/Src/stm32f4xx_it.o
 .ARM.attributes
                0x0000000000000156       0x34 ./Core/Src/system_stm32f4xx.o
 .ARM.attributes
                0x000000000000018a       0x21 ./Core/Startup/startup_stm32f446retx.o
 .ARM.attributes
                0x00000000000001ab       0x34 ./Drivers/STM32F4xx_HAL_Driver/Src/stm32f4xx_hal.o
 .ARM.attributes
                0x00000000000001df       0x34 ./Drivers/STM32F4xx_HAL_Driver/Src/stm32f4xx_hal_cortex.o
 .ARM.attributes
                0x0000000000000213       0x34 ./Drivers/STM32F4xx_HAL_Driver/Src/stm32f4xx_hal_dma.o
 .ARM.attributes
                0x0000000000000247       0x34 ./Drivers/STM32F4xx_HAL_Driver/Src/stm32f4xx_hal_gpio.o
 .ARM.attributes
                0x000000000000027b       0x34 ./Drivers/STM32F4xx_HAL_Driver/Src/stm32f4xx_hal_i2s.o
 .ARM.attributes
                0x00000000000002af       0x34 ./Drivers/STM32F4xx_HAL_Driver/Src/stm32f4xx_hal_rcc.o
 .ARM.attributes
                0x00000000000002e3       0x34 ./Drivers/STM32F4xx_HAL_Driver/Src/stm32f4xx_hal_rcc_ex.o
 .ARM.attributes
                0x0000000000000317       0x34 ./Drivers/STM32F4xx_HAL_Driver/Src/stm32f4xx_hal_tim.o
 .ARM.attributes
                0x000000000000034b       0x34 ./Drivers/STM32F4xx_HAL_Driver/Src/stm32f4xx_hal_tim_ex.o
 .ARM.attributes
                0x000000000000037f       0x34 ./Drivers/STM32F4xx_HAL_Driver/Src/stm32f4xx_hal_uart.o
 .ARM.attributes
                0x00000000000003b3       0x34 ./Middlewares/Third_Party/FreeRTOS/Source/CMSIS_RTOS/cmsis_os.o
 .ARM.attributes
                0x00000000000003e7       0x34 ./Middlewares/Third_Party/FreeRTOS/Source/list.o
 .ARM.attributes
                0x000000000000041b       0x34 ./Middlewares/Third_Party/FreeRTOS/Source/queue.o
 .ARM.attributes
                0x000000000000044f       0x34 ./Middlewares/Third_Party/FreeRTOS/Source/tasks.o
 .ARM.attributes
                0x0000000000000483       0x34 ./Middlewares/Third_Party/FreeRTOS/Source/portable/GCC/ARM_CM4F/port.o
 .ARM.attributes
                0x00000000000004b7       0x34 ./Middlewares/Third_Party/FreeRTOS/Source/portable/MemMang/heap_4.o
 .ARM.attributes
                0x00000000000004eb       0x34 ../Middlewares/ST/ARM/DSP/Lib\libarm_cortexM4lf_math.a(arm_rfft_fast_init_f32.o)
 .ARM.attributes
                0x000000000000051f       0x34 ../Middlewares/ST/ARM/DSP/Lib\libarm_cortexM4lf_math.a(arm_rfft_fast_f32.o)
 .ARM.attributes
                0x0000000000000553       0x34 ../Middlewares/ST/ARM/DSP/Lib\libarm_cortexM4lf_math.a(arm_cfft_f32.o)
 .ARM.attributes
                0x0000000000000587       0x34 ../Middlewares/ST/ARM/DSP/Lib\libarm_cortexM4lf_math.a(arm_bitreversal2.o)
 .ARM.attributes
                0x00000000000005bb       0x39 ../Middlewares/ST/ARM/DSP/Lib\libarm_cortexM4lf_math.a(arm_common_tables.o)
 .ARM.attributes
                0x00000000000005f4       0x34 ../Middlewares/ST/ARM/DSP/Lib\libarm_cortexM4lf_math.a(arm_cfft_init_f32.o)
 .ARM.attributes
                0x0000000000000628       0x34 ../Middlewares/ST/ARM/DSP/Lib\libarm_cortexM4lf_math.a(arm_cfft_radix8_f32.o)
 .ARM.attributes
                0x000000000000065c       0x39 ../Middlewares/ST/ARM/DSP/Lib\libarm_cortexM4lf_math.a(arm_const_structs.o)
 .ARM.attributes
                0x0000000000000695       0x34 C:/ST/STM32CubeIDE_1.14.1/STM32CubeIDE/plugins/com.st.stm32cube.ide.mcu.externaltools.gnu-tools-for-stm32.11.3.rel1.win32_1.1.100.202309141235/tools/bin/../lib/gcc/arm-none-eabi/11.3.1/../../../../arm-none-eabi/lib/thumb/v7e-m+fp/hard\libc_nano.a(libc_a-findfp.o)
 .ARM.attributes
                0x00000000000006c9       0x34 C:/ST/STM32CubeIDE_1.14.1/STM32CubeIDE/plugins/com.st.stm32cube.ide.mcu.externaltools.gnu-tools-for-stm32.11.3.rel1.win32_1.1.100.202309141235/tools/bin/../lib/gcc/arm-none-eabi/11.3.1/../../../../arm-none-eabi/lib/thumb/v7e-m+fp/hard\libc_nano.a(libc_a-memset.o)
 .ARM.attributes
                0x00000000000006fd       0x34 C:/ST/STM32CubeIDE_1.14.1/STM32CubeIDE/plugins/com.st.stm32cube.ide.mcu.externaltools.gnu-tools-for-stm32.11.3.rel1.win32_1.1.100.202309141235/tools/bin/../lib/gcc/arm-none-eabi/11.3.1/../../../../arm-none-eabi/lib/thumb/v7e-m+fp/hard\libc_nano.a(libc_a-reent.o)
 .ARM.attributes
                0x0000000000000731       0x34 C:/ST/STM32CubeIDE_1.14.1/STM32CubeIDE/plugins/com.st.stm32cube.ide.mcu.externaltools.gnu-tools-for-stm32.11.3.rel1.win32_1.1.100.202309141235/tools/bin/../lib/gcc/arm-none-eabi/11.3.1/../../../../arm-none-eabi/lib/thumb/v7e-m+fp/hard\libc_nano.a(libc_a-impure.o)
 .ARM.attributes
                0x0000000000000765       0x34 C:/ST/STM32CubeIDE_1.14.1/STM32CubeIDE/plugins/com.st.stm32cube.ide.mcu.externaltools.gnu-tools-for-stm32.11.3.rel1.win32_1.1.100.202309141235/tools/bin/../lib/gcc/arm-none-eabi/11.3.1/../../../../arm-none-eabi/lib/thumb/v7e-m+fp/hard\libc_nano.a(libc_a-errno.o)
 .ARM.attributes
                0x0000000000000799       0x34 C:/ST/STM32CubeIDE_1.14.1/STM32CubeIDE/plugins/com.st.stm32cube.ide.mcu.externaltools.gnu-tools-for-stm32.11.3.rel1.win32_1.1.100.202309141235/tools/bin/../lib/gcc/arm-none-eabi/11.3.1/../../../../arm-none-eabi/lib/thumb/v7e-m+fp/hard\libc_nano.a(libc_a-init.o)
 .ARM.attributes
                0x00000000000007cd       0x34 C:/ST/STM32CubeIDE_1.14.1/STM32CubeIDE/plugins/com.st.stm32cube.ide.mcu.externaltools.gnu-tools-for-stm32.11.3.rel1.win32_1.1.100.202309141235/tools/bin/../lib/gcc/arm-none-eabi/11.3.1/../../../../arm-none-eabi/lib/thumb/v7e-m+fp/hard\libc_nano.a(libc_a-lock.o)
 .ARM.attributes
                0x0000000000000801       0x34 C:/ST/STM32CubeIDE_1.14.1/STM32CubeIDE/plugins/com.st.stm32cube.ide.mcu.externaltools.gnu-tools-for-stm32.11.3.rel1.win32_1.1.100.202309141235/tools/bin/../lib/gcc/arm-none-eabi/11.3.1/../../../../arm-none-eabi/lib/thumb/v7e-m+fp/hard\libc_nano.a(libc_a-memcpy-stub.o)
 .ARM.attributes
                0x0000000000000835       0x34 C:/ST/STM32CubeIDE_1.14.1/STM32CubeIDE/plugins/com.st.stm32cube.ide.mcu.externaltools.gnu-tools-for-stm32.11.3.rel1.win32_1.1.100.202309141235/tools/bin/../lib/gcc/arm-none-eabi/11.3.1/../../../../arm-none-eabi/lib/thumb/v7e-m+fp/hard\libc_nano.a(libc_a-freer.o)
 .ARM.attributes
                0x0000000000000869       0x34 C:/ST/STM32CubeIDE_1.14.1/STM32CubeIDE/plugins/com.st.stm32cube.ide.mcu.externaltools.gnu-tools-for-stm32.11.3.rel1.win32_1.1.100.202309141235/tools/bin/../lib/gcc/arm-none-eabi/11.3.1/../../../../arm-none-eabi/lib/thumb/v7e-m+fp/hard\libc_nano.a(libc_a-mallocr.o)
 .ARM.attributes
                0x000000000000089d       0x34 C:/ST/STM32CubeIDE_1.14.1/STM32CubeIDE/plugins/com.st.stm32cube.ide.mcu.externaltools.gnu-tools-for-stm32.11.3.rel1.win32_1.1.100.202309141235/tools/bin/../lib/gcc/arm-none-eabi/11.3.1/../../../../arm-none-eabi/lib/thumb/v7e-m+fp/hard\libc_nano.a(libc_a-mlock.o)
 .ARM.attributes
                0x00000000000008d1       0x34 C:/ST/STM32CubeIDE_1.14.1/STM32CubeIDE/plugins/com.st.stm32cube.ide.mcu.externaltools.gnu-tools-for-stm32.11.3.rel1.win32_1.1.100.202309141235/tools/bin/../lib/gcc/arm-none-eabi/11.3.1/../../../../arm-none-eabi/lib/thumb/v7e-m+fp/hard\libm.a(libm_a-wf_sqrt.o)
 .ARM.attributes
                0x0000000000000905       0x34 C:/ST/STM32CubeIDE_1.14.1/STM32CubeIDE/plugins/com.st.stm32cube.ide.mcu.externaltools.gnu-tools-for-stm32.11.3.rel1.win32_1.1.100.202309141235/tools/bin/../lib/gcc/arm-none-eabi/11.3.1/../../../../arm-none-eabi/lib/thumb/v7e-m+fp/hard\libm.a(libm_a-ef_sqrt.o)
 .ARM.attributes
                0x0000000000000939       0x1e C:/ST/STM32CubeIDE_1.14.1/STM32CubeIDE/plugins/com.st.stm32cube.ide.mcu.externaltools.gnu-tools-for-stm32.11.3.rel1.win32_1.1.100.202309141235/tools/bin/../lib/gcc/arm-none-eabi/11.3.1/thumb/v7e-m+fp/hard\libgcc.a(_aeabi_uldivmod.o)
 .ARM.attributes
                0x0000000000000957       0x34 C:/ST/STM32CubeIDE_1.14.1/STM32CubeIDE/plugins/com.st.stm32cube.ide.mcu.externaltools.gnu-tools-for-stm32.11.3.rel1.win32_1.1.100.202309141235/tools/bin/../lib/gcc/arm-none-eabi/11.3.1/thumb/v7e-m+fp/hard\libgcc.a(_udivmoddi4.o)
 .ARM.attributes
                0x000000000000098b       0x1e C:/ST/STM32CubeIDE_1.14.1/STM32CubeIDE/plugins/com.st.stm32cube.ide.mcu.externaltools.gnu-tools-for-stm32.11.3.rel1.win32_1.1.100.202309141235/tools/bin/../lib/gcc/arm-none-eabi/11.3.1/thumb/v7e-m+fp/hard\libgcc.a(_dvmd_tls.o)
 .ARM.attributes
                0x00000000000009a9       0x1e C:/ST/STM32CubeIDE_1.14.1/STM32CubeIDE/plugins/com.st.stm32cube.ide.mcu.externaltools.gnu-tools-for-stm32.11.3.rel1.win32_1.1.100.202309141235/tools/bin/../lib/gcc/arm-none-eabi/11.3.1/thumb/v7e-m+fp/hard/crtn.o
OUTPUT(RTOS_FINAL.elf elf32-littlearm)
LOAD linker stubs
LOAD C:/ST/STM32CubeIDE_1.14.1/STM32CubeIDE/plugins/com.st.stm32cube.ide.mcu.externaltools.gnu-tools-for-stm32.11.3.rel1.win32_1.1.100.202309141235/tools/bin/../lib/gcc/arm-none-eabi/11.3.1/../../../../arm-none-eabi/lib/thumb/v7e-m+fp/hard\libc.a
LOAD C:/ST/STM32CubeIDE_1.14.1/STM32CubeIDE/plugins/com.st.stm32cube.ide.mcu.externaltools.gnu-tools-for-stm32.11.3.rel1.win32_1.1.100.202309141235/tools/bin/../lib/gcc/arm-none-eabi/11.3.1/../../../../arm-none-eabi/lib/thumb/v7e-m+fp/hard\libm.a
LOAD C:/ST/STM32CubeIDE_1.14.1/STM32CubeIDE/plugins/com.st.stm32cube.ide.mcu.externaltools.gnu-tools-for-stm32.11.3.rel1.win32_1.1.100.202309141235/tools/bin/../lib/gcc/arm-none-eabi/11.3.1/thumb/v7e-m+fp/hard\libgcc.a

.comment        0x0000000000000000       0xbc
 .comment       0x0000000000000000       0x43 C:/ST/STM32CubeIDE_1.14.1/STM32CubeIDE/plugins/com.st.stm32cube.ide.mcu.externaltools.gnu-tools-for-stm32.11.3.rel1.win32_1.1.100.202309141235/tools/bin/../lib/gcc/arm-none-eabi/11.3.1/thumb/v7e-m+fp/hard/crtbegin.o
                                         0x44 (size before relaxing)
 .comment       0x0000000000000043       0x44 ./Core/Src/freertos.o
 .comment       0x0000000000000043       0x44 ./Core/Src/main.o
 .comment       0x0000000000000043       0x44 ./Core/Src/stm32f4xx_hal_msp.o
 .comment       0x0000000000000043       0x44 ./Core/Src/stm32f4xx_hal_timebase_tim.o
 .comment       0x0000000000000043       0x44 ./Core/Src/stm32f4xx_it.o
 .comment       0x0000000000000043       0x44 ./Core/Src/system_stm32f4xx.o
 .comment       0x0000000000000043       0x44 ./Drivers/STM32F4xx_HAL_Driver/Src/stm32f4xx_hal.o
 .comment       0x0000000000000043       0x44 ./Drivers/STM32F4xx_HAL_Driver/Src/stm32f4xx_hal_cortex.o
 .comment       0x0000000000000043       0x44 ./Drivers/STM32F4xx_HAL_Driver/Src/stm32f4xx_hal_dma.o
 .comment       0x0000000000000043       0x44 ./Drivers/STM32F4xx_HAL_Driver/Src/stm32f4xx_hal_gpio.o
 .comment       0x0000000000000043       0x44 ./Drivers/STM32F4xx_HAL_Driver/Src/stm32f4xx_hal_i2s.o
 .comment       0x0000000000000043       0x44 ./Drivers/STM32F4xx_HAL_Driver/Src/stm32f4xx_hal_rcc.o
 .comment       0x0000000000000043       0x44 ./Drivers/STM32F4xx_HAL_Driver/Src/stm32f4xx_hal_rcc_ex.o
 .comment       0x0000000000000043       0x44 ./Drivers/STM32F4xx_HAL_Driver/Src/stm32f4xx_hal_tim.o
 .comment       0x0000000000000043       0x44 ./Drivers/STM32F4xx_HAL_Driver/Src/stm32f4xx_hal_tim_ex.o
 .comment       0x0000000000000043       0x44 ./Drivers/STM32F4xx_HAL_Driver/Src/stm32f4xx_hal_uart.o
 .comment       0x0000000000000043       0x44 ./Middlewares/Third_Party/FreeRTOS/Source/CMSIS_RTOS/cmsis_os.o
 .comment       0x0000000000000043       0x44 ./Middlewares/Third_Party/FreeRTOS/Source/list.o
 .comment       0x0000000000000043       0x44 ./Middlewares/Third_Party/FreeRTOS/Source/queue.o
 .comment       0x0000000000000043       0x44 ./Middlewares/Third_Party/FreeRTOS/Source/tasks.o
 .comment       0x0000000000000043       0x44 ./Middlewares/Third_Party/FreeRTOS/Source/portable/GCC/ARM_CM4F/port.o
 .comment       0x0000000000000043       0x44 ./Middlewares/Third_Party/FreeRTOS/Source/portable/MemMang/heap_4.o
 .comment       0x0000000000000043       0x79 ../Middlewares/ST/ARM/DSP/Lib\libarm_cortexM4lf_math.a(arm_rfft_fast_init_f32.o)
                                         0x7a (size before relaxing)
 .comment       0x00000000000000bc       0x7a ../Middlewares/ST/ARM/DSP/Lib\libarm_cortexM4lf_math.a(arm_rfft_fast_f32.o)
 .comment       0x00000000000000bc       0x7a ../Middlewares/ST/ARM/DSP/Lib\libarm_cortexM4lf_math.a(arm_cfft_f32.o)
 .comment       0x00000000000000bc       0x7a ../Middlewares/ST/ARM/DSP/Lib\libarm_cortexM4lf_math.a(arm_bitreversal2.o)
 .comment       0x00000000000000bc       0x7a ../Middlewares/ST/ARM/DSP/Lib\libarm_cortexM4lf_math.a(arm_common_tables.o)
 .comment       0x00000000000000bc       0x7a ../Middlewares/ST/ARM/DSP/Lib\libarm_cortexM4lf_math.a(arm_cfft_init_f32.o)
 .comment       0x00000000000000bc       0x7a ../Middlewares/ST/ARM/DSP/Lib\libarm_cortexM4lf_math.a(arm_cfft_radix8_f32.o)
 .comment       0x00000000000000bc       0x7a ../Middlewares/ST/ARM/DSP/Lib\libarm_cortexM4lf_math.a(arm_const_structs.o)

.debug_info     0x0000000000000000    0x245c3
 .debug_info    0x0000000000000000      0x918 ./Core/Src/freertos.o
 .debug_info    0x0000000000000918     0x2525 ./Core/Src/main.o
 .debug_info    0x0000000000002e3d     0x10e7 ./Core/Src/stm32f4xx_hal_msp.o
 .debug_info    0x0000000000003f24      0xc36 ./Core/Src/stm32f4xx_hal_timebase_tim.o
 .debug_info    0x0000000000004b5a      0x6d4 ./Core/Src/stm32f4xx_it.o
 .debug_info    0x000000000000522e      0x54a ./Core/Src/system_stm32f4xx.o
 .debug_info    0x0000000000005778       0x23 ./Core/Startup/startup_stm32f446retx.o
 .debug_info    0x000000000000579b      0x99a ./Drivers/STM32F4xx_HAL_Driver/Src/stm32f4xx_hal.o
 .debug_info    0x0000000000006135      0xdaa ./Drivers/STM32F4xx_HAL_Driver/Src/stm32f4xx_hal_cortex.o
 .debug_info    0x0000000000006edf      0x8e7 ./Drivers/STM32F4xx_HAL_Driver/Src/stm32f4xx_hal_dma.o
 .debug_info    0x00000000000077c6      0x70b ./Drivers/STM32F4xx_HAL_Driver/Src/stm32f4xx_hal_gpio.o
 .debug_info    0x0000000000007ed1      0xd8e ./Drivers/STM32F4xx_HAL_Driver/Src/stm32f4xx_hal_i2s.o
 .debug_info    0x0000000000008c5f      0x8eb ./Drivers/STM32F4xx_HAL_Driver/Src/stm32f4xx_hal_rcc.o
 .debug_info    0x000000000000954a      0x956 ./Drivers/STM32F4xx_HAL_Driver/Src/stm32f4xx_hal_rcc_ex.o
 .debug_info    0x0000000000009ea0     0x299d ./Drivers/STM32F4xx_HAL_Driver/Src/stm32f4xx_hal_tim.o
 .debug_info    0x000000000000c83d     0x14db ./Drivers/STM32F4xx_HAL_Driver/Src/stm32f4xx_hal_tim_ex.o
 .debug_info    0x000000000000dd18     0x2f4f ./Drivers/STM32F4xx_HAL_Driver/Src/stm32f4xx_hal_uart.o
 .debug_info    0x0000000000010c67     0x21e1 ./Middlewares/Third_Party/FreeRTOS/Source/CMSIS_RTOS/cmsis_os.o
 .debug_info    0x0000000000012e48      0x2af ./Middlewares/Third_Party/FreeRTOS/Source/list.o
 .debug_info    0x00000000000130f7     0x17cd ./Middlewares/Third_Party/FreeRTOS/Source/queue.o
 .debug_info    0x00000000000148c4     0x239d ./Middlewares/Third_Party/FreeRTOS/Source/tasks.o
 .debug_info    0x0000000000016c61      0x4de ./Middlewares/Third_Party/FreeRTOS/Source/portable/GCC/ARM_CM4F/port.o
 .debug_info    0x000000000001713f      0x4d5 ./Middlewares/Third_Party/FreeRTOS/Source/portable/MemMang/heap_4.o
 .debug_info    0x0000000000017614     0x1c2f ../Middlewares/ST/ARM/DSP/Lib\libarm_cortexM4lf_math.a(arm_rfft_fast_init_f32.o)
 .debug_info    0x0000000000019243      0xfb8 ../Middlewares/ST/ARM/DSP/Lib\libarm_cortexM4lf_math.a(arm_rfft_fast_f32.o)
 .debug_info    0x000000000001a1fb     0x1ed6 ../Middlewares/ST/ARM/DSP/Lib\libarm_cortexM4lf_math.a(arm_cfft_f32.o)
 .debug_info    0x000000000001c0d1     0x19aa ../Middlewares/ST/ARM/DSP/Lib\libarm_cortexM4lf_math.a(arm_bitreversal2.o)
 .debug_info    0x000000000001da7b     0x1e86 ../Middlewares/ST/ARM/DSP/Lib\libarm_cortexM4lf_math.a(arm_common_tables.o)
 .debug_info    0x000000000001f901     0x1c05 ../Middlewares/ST/ARM/DSP/Lib\libarm_cortexM4lf_math.a(arm_cfft_init_f32.o)
 .debug_info    0x0000000000021506      0xeda ../Middlewares/ST/ARM/DSP/Lib\libarm_cortexM4lf_math.a(arm_cfft_radix8_f32.o)
 .debug_info    0x00000000000223e0     0x21e3 ../Middlewares/ST/ARM/DSP/Lib\libarm_cortexM4lf_math.a(arm_const_structs.o)

.debug_abbrev   0x0000000000000000     0x4716
 .debug_abbrev  0x0000000000000000      0x16f ./Core/Src/freertos.o
 .debug_abbrev  0x000000000000016f      0x361 ./Core/Src/main.o
 .debug_abbrev  0x00000000000004d0      0x234 ./Core/Src/stm32f4xx_hal_msp.o
 .debug_abbrev  0x0000000000000704      0x1f4 ./Core/Src/stm32f4xx_hal_timebase_tim.o
 .debug_abbrev  0x00000000000008f8      0x181 ./Core/Src/stm32f4xx_it.o
 .debug_abbrev  0x0000000000000a79      0x11a ./Core/Src/system_stm32f4xx.o
 .debug_abbrev  0x0000000000000b93       0x12 ./Core/Startup/startup_stm32f446retx.o
 .debug_abbrev  0x0000000000000ba5      0x214 ./Drivers/STM32F4xx_HAL_Driver/Src/stm32f4xx_hal.o
 .debug_abbrev  0x0000000000000db9      0x31d ./Drivers/STM32F4xx_HAL_Driver/Src/stm32f4xx_hal_cortex.o
 .debug_abbrev  0x00000000000010d6      0x264 ./Drivers/STM32F4xx_HAL_Driver/Src/stm32f4xx_hal_dma.o
 .debug_abbrev  0x000000000000133a      0x1d4 ./Drivers/STM32F4xx_HAL_Driver/Src/stm32f4xx_hal_gpio.o
 .debug_abbrev  0x000000000000150e      0x241 ./Drivers/STM32F4xx_HAL_Driver/Src/stm32f4xx_hal_i2s.o
 .debug_abbrev  0x000000000000174f      0x2b7 ./Drivers/STM32F4xx_HAL_Driver/Src/stm32f4xx_hal_rcc.o
 .debug_abbrev  0x0000000000001a06      0x20a ./Drivers/STM32F4xx_HAL_Driver/Src/stm32f4xx_hal_rcc_ex.o
 .debug_abbrev  0x0000000000001c10      0x278 ./Drivers/STM32F4xx_HAL_Driver/Src/stm32f4xx_hal_tim.o
 .debug_abbrev  0x0000000000001e88      0x283 ./Drivers/STM32F4xx_HAL_Driver/Src/stm32f4xx_hal_tim_ex.o
 .debug_abbrev  0x000000000000210b      0x30e ./Drivers/STM32F4xx_HAL_Driver/Src/stm32f4xx_hal_uart.o
 .debug_abbrev  0x0000000000002419      0x426 ./Middlewares/Third_Party/FreeRTOS/Source/CMSIS_RTOS/cmsis_os.o
 .debug_abbrev  0x000000000000283f       0xf5 ./Middlewares/Third_Party/FreeRTOS/Source/list.o
 .debug_abbrev  0x0000000000002934      0x3b5 ./Middlewares/Third_Party/FreeRTOS/Source/queue.o
 .debug_abbrev  0x0000000000002ce9      0x3d0 ./Middlewares/Third_Party/FreeRTOS/Source/tasks.o
 .debug_abbrev  0x00000000000030b9      0x25c ./Middlewares/Third_Party/FreeRTOS/Source/portable/GCC/ARM_CM4F/port.o
 .debug_abbrev  0x0000000000003315      0x21d ./Middlewares/Third_Party/FreeRTOS/Source/portable/MemMang/heap_4.o
 .debug_abbrev  0x0000000000003532      0x2c9 ../Middlewares/ST/ARM/DSP/Lib\libarm_cortexM4lf_math.a(arm_rfft_fast_init_f32.o)
 .debug_abbrev  0x00000000000037fb      0x260 ../Middlewares/ST/ARM/DSP/Lib\libarm_cortexM4lf_math.a(arm_rfft_fast_f32.o)
 .debug_abbrev  0x0000000000003a5b      0x288 ../Middlewares/ST/ARM/DSP/Lib\libarm_cortexM4lf_math.a(arm_cfft_f32.o)
 .debug_abbrev  0x0000000000003ce3      0x21a ../Middlewares/ST/ARM/DSP/Lib\libarm_cortexM4lf_math.a(arm_bitreversal2.o)
 .debug_abbrev  0x0000000000003efd      0x1ec ../Middlewares/ST/ARM/DSP/Lib\libarm_cortexM4lf_math.a(arm_common_tables.o)
 .debug_abbrev  0x00000000000040e9      0x232 ../Middlewares/ST/ARM/DSP/Lib\libarm_cortexM4lf_math.a(arm_cfft_init_f32.o)
 .debug_abbrev  0x000000000000431b      0x20b ../Middlewares/ST/ARM/DSP/Lib\libarm_cortexM4lf_math.a(arm_cfft_radix8_f32.o)
 .debug_abbrev  0x0000000000004526      0x1f0 ../Middlewares/ST/ARM/DSP/Lib\libarm_cortexM4lf_math.a(arm_const_structs.o)

.debug_aranges  0x0000000000000000     0x1520
 .debug_aranges
                0x0000000000000000       0x20 ./Core/Src/freertos.o
 .debug_aranges
                0x0000000000000020       0x88 ./Core/Src/main.o
 .debug_aranges
                0x00000000000000a8       0x40 ./Core/Src/stm32f4xx_hal_msp.o
 .debug_aranges
                0x00000000000000e8       0x30 ./Core/Src/stm32f4xx_hal_timebase_tim.o
 .debug_aranges
                0x0000000000000118       0x58 ./Core/Src/stm32f4xx_it.o
 .debug_aranges
                0x0000000000000170       0x28 ./Core/Src/system_stm32f4xx.o
 .debug_aranges
                0x0000000000000198       0x28 ./Core/Startup/startup_stm32f446retx.o
 .debug_aranges
                0x00000000000001c0       0xf0 ./Drivers/STM32F4xx_HAL_Driver/Src/stm32f4xx_hal.o
 .debug_aranges
                0x00000000000002b0      0x130 ./Drivers/STM32F4xx_HAL_Driver/Src/stm32f4xx_hal_cortex.o
 .debug_aranges
                0x00000000000003e0       0x90 ./Drivers/STM32F4xx_HAL_Driver/Src/stm32f4xx_hal_dma.o
 .debug_aranges
                0x0000000000000470       0x58 ./Drivers/STM32F4xx_HAL_Driver/Src/stm32f4xx_hal_gpio.o
 .debug_aranges
                0x00000000000004c8      0x108 ./Drivers/STM32F4xx_HAL_Driver/Src/stm32f4xx_hal_i2s.o
 .debug_aranges
                0x00000000000005d0       0x88 ./Drivers/STM32F4xx_HAL_Driver/Src/stm32f4xx_hal_rcc.o
 .debug_aranges
                0x0000000000000658       0x78 ./Drivers/STM32F4xx_HAL_Driver/Src/stm32f4xx_hal_rcc_ex.o
 .debug_aranges
                0x00000000000006d0      0x3d0 ./Drivers/STM32F4xx_HAL_Driver/Src/stm32f4xx_hal_tim.o
 .debug_aranges
                0x0000000000000aa0      0x168 ./Drivers/STM32F4xx_HAL_Driver/Src/stm32f4xx_hal_tim_ex.o
 .debug_aranges
                0x0000000000000c08      0x208 ./Drivers/STM32F4xx_HAL_Driver/Src/stm32f4xx_hal_uart.o
 .debug_aranges