../Core/Src/main.c:89:5:main	128	static
../Core/Src/main.c:185:6:SystemClock_Config	88	static
../Core/Src/main.c:233:13:MX_I2S3_Init	8	static
../Core/Src/main.c:267:13:MX_USART2_UART_Init	8	static
../Core/Src/main.c:300:13:MX_USART3_UART_Init	8	static
../Core/Src/main.c:331:13:MX_DMA_Init	16	static
../Core/Src/main.c:349:13:MX_GPIO_Init	48	static
../Core/Src/main.c:376:6:HAL_I2S_RxCpltCallback	24	static,ignoring_inline_asm
../Core/Src/main.c:391:6:StartInputTask	24	static
../Core/Src/main.c:411:6:StartProcessingTask	56	static
../Core/Src/main.c:479:6:StartTransmissionTask	24	static
../Core/Src/main.c:507:6:StartLedTask	16	static
../Core/Src/main.c:527:6:HAL_TIM_PeriodElapsedCallback	16	static
../Core/Src/main.c:544:6:Error_Handler	4	static,ignoring_inline_asm
